Microchip MPLAB XC8 Compiler V3.00

Linker command line:

-W-3 \
  --edf=C:/Program Files/Microchip/MPLABX/v6.25/packs/Microchip/PIC18Fxxxx_DFP/1.7.171/xc8\pic\dat\20250117225543_en.msgs \
  -cn -h+dist/default/production\I2C.X.production.sym \
  --cmf=dist/default/production\I2C.X.production.cmf -z -Q18F4550 \
  -oC:\Users\EQUIPO\AppData\Local\Temp\xcAs9n8.\driver_tmp_3.o \
  --defsym=__MPLAB_BUILD=1 --fixupoverflow=error \
  -Mdist/default/production/I2C.X.production.map \
  --md=C:\Users\EQUIPO\AppData\Local\Temp\xcAs9n8.\driver_tmp_0.dat -E1 \
  -ver=XC8 Compiler -ACODE=00h-07FFFh -ACONST=00h-07FFFh \
  -ASMALLCONST=0800h-08FFhx120 -AMEDIUMCONST=0800h-07FFFh -ACOMRAM=01h-05Fh \
  -AABS1=00h-07FFh -ABIGRAM=01h-07FFh -ARAM=060h-0FFh,0100h-01FFhx7 \
  -ABANK0=060h-0FFh -ABANK1=0100h-01FFh -ABANK2=0200h-02FFh \
  -ABANK3=0300h-03FFh -ABANK4=0400h-04FFh -ABANK5=0500h-05FFh \
  -ABANK6=0600h-06FFh -ABANK7=0700h-07FFh -ASFR=0F60h-0FFFh \
  -ABIGSFR=0F60h-0FFFh -ACONFIG=0300000h-030000Dh -AIDLOC=0200000h-0200007h \
  -AEEDATA=0F00000h-0F000FFh -peeprom_data=EEDATA \
  -preset_vec=00h,intcode=8h,intcodelo=18h,sivt_lo,sivt_hi=CODE \
  -ppowerup=CODE,init -pramtop=0800h -psmallconst=SMALLCONST \
  -pmediumconst=MEDIUMCONST -pconst=CONST -AFARRAM=00h-00h \
  -prdata=COMRAM,nvrram=COMRAM,nvbit=COMRAM,rbss=COMRAM,rbit=COMRAM \
  -pfarbss=FARRAM,fardata=FARRAM,nvFARRAM=FARRAM \
  -pintsave_regs=BIGRAM,bigbss=BIGRAM,bigdata=BIGRAM -pbss=RAM \
  -pidata=CODE,irdata=CODE,ibigdata=CODE,ifardata=CODE -prparam=COMRAM \
  C:\Users\EQUIPO\AppData\Local\Temp\xcAs9n8.\driver_tmp_14.o \
  dist/default/production\I2C.X.production.o 

Object code version is 3.11

Machine type is 18F4550



                Name                               Link     Load   Length Selector   Space Scale
C:\Users\EQUIPO\AppData\Local\Temp\xcAs9n8.\driver_tmp_14.o
                config                           300000   300000        8        0       4
                init                               7FFC     7FFC        4     3FFE       0
                reset_vec                             0        0        4        0       0
dist/default/production\I2C.X.production.o
                config                           300000   300000        8        0       4
                smallconst                          800      800       2E      400       0
                text26                             1246     1246        A      417       0
                text25                             1226     1226       16      417       0
                text24                              93C      93C      10C      417       0
                text23                             1056     1056       40      417       0
                text22                             1110     1110       36      417       0
                text21                              A48      A48      104      417       0
                text20                              FAE      FAE       5E      417       0
                text19                             123C     123C        A      417       0
                text18                             11E0     11E0       1A      417       0
                text17                             11C4     11C4       1C      417       0
                text16                              F4A      F4A       64      417       0
                text15                             1210     1210       16      417       0
                text14                             11FA     11FA       16      417       0
                text13                             100C     100C       4A      417       0
                text12                             117A     117A       2A      417       0
                text11                              CAA      CAA       A4      417       0
                text10                              E72      E72       74      417       0
                text9                               EE6      EE6       64      417       0
                text8                              1250     1250        2      417       0
                text7                               C00      C00       AA      417       0
                text6                              10D4     10D4       3C      417       0
                text5                               DE8      DE8       8A      417       0
                text4                               B4C      B4C       B4      417       0
                text3                               82E      82E      10E      417       0
                text2                              1096     1096       3E      417       0
                text1                              1146     1146       34      417       0
                text0                               D4E      D4E       9A      417       0
                cstackCOMRAM                          1        1       4B        1       1
                bssBANK0                             60       60       20       60       1
                bssCOMRAM                            4C       4C        5        1       1
                cinit                              11A4     11A4       20      417       0

TOTAL           Name                               Link     Load   Length     Space
        CLASS   CODE           
                init                               7FFC     7FFC        4         0
                reset_vec                             0        0        4         0
                text26                             1246     1246        A         0
                text25                             1226     1226       16         0
                text24                              93C      93C      10C         0
                text23                             1056     1056       40         0
                text22                             1110     1110       36         0
                text21                              A48      A48      104         0
                text20                              FAE      FAE       5E         0
                text19                             123C     123C        A         0
                text18                             11E0     11E0       1A         0
                text17                             11C4     11C4       1C         0
                text16                              F4A      F4A       64         0
                text15                             1210     1210       16         0
                text14                             11FA     11FA       16         0
                text13                             100C     100C       4A         0
                text12                             117A     117A       2A         0
                text11                              CAA      CAA       A4         0
                text10                              E72      E72       74         0
                text9                               EE6      EE6       64         0
                text8                              1250     1250        2         0
                text7                               C00      C00       AA         0
                text6                              10D4     10D4       3C         0
                text5                               DE8      DE8       8A         0
                text4                               B4C      B4C       B4         0
                text3                               82E      82E      10E         0
                text2                              1096     1096       3E         0
                text1                              1146     1146       34         0
                text0                               D4E      D4E       9A         0
                cinit                              11A4     11A4       20         0

        CLASS   CONST          

        CLASS   SMALLCONST     
                smallconst                          800      800       2E         0

        CLASS   MEDIUMCONST    

        CLASS   COMRAM         
                cstackCOMRAM                          1        1       4B         1
                bssCOMRAM                            4C       4C        5         1

        CLASS   ABS1           

        CLASS   BIGRAM         

        CLASS   RAM            

        CLASS   BANK0          
                bssBANK0                             60       60       20         1

        CLASS   BANK1          

        CLASS   BANK2          

        CLASS   BANK3          

        CLASS   BANK4          

        CLASS   BANK5          

        CLASS   BANK6          

        CLASS   BANK7          

        CLASS   SFR            

        CLASS   BIGSFR         

        CLASS   CONFIG         
                config                           300000   300000        8         4

        CLASS   IDLOC          

        CLASS   EEDATA         

        CLASS   FARRAM         

        CLASS   HEAP           

        CLASS   STACK          



SEGMENTS        Name                           Load    Length   Top    Selector   Space  Class

                reset_vec                      000000  000004  000004         0       0  CODE    
                cstackCOMRAM                   000001  000050  000051         1       1  COMRAM  
                bssBANK0                       000060  000020  000080        60       1  BANK0   
                smallconst                     000800  00002E  00082E       400       0  SMALLCON
                text3                          00082E  000A24  001252       417       0  CODE    
                init                           007FFC  000004  008000      3FFE       0  CODE    


UNUSED ADDRESS RANGES

        Name                Unused          Largest block    Delta
        BANK0            000080-0000FF               80
        BANK1            000100-0001FF              100
        BANK2            000200-0002FF              100
        BANK3            000300-0003FF              100
        BANK4            000400-0004FF              100
        BANK5            000500-0005FF              100
        BANK6            000600-0006FF              100
        BANK7            000700-0007FF              100
        BIGRAM           000051-00005F                F
                         000080-0007FF              780
        BIGSFR           000F60-000FFF               A0
        CODE             000004-0007FF              7FC
                         001252-007FFB             6DAA
        COMRAM           000051-00005F                F
        CONFIG           300008-30000D                6
        CONST            000004-0007FF              7FC
                         001252-007FFB             6DAA
        EEDATA           F00000-F000FF              100
        IDLOC            200000-200007                8
        MEDIUMCONST      001252-007FFB             6DAA
        RAM              000080-0007FF              100
        SFR              000F60-000FFF               A0
        SMALLCONST       001252-007FFB              100

                                  Symbol Table

?___lwdiv                    cstackCOMRAM 000001
?___lwmod                    cstackCOMRAM 000001
?_read_prec_or_width         cstackCOMRAM 000001
?_sprintf                    cstackCOMRAM 000029
?_vfprintf                   cstackCOMRAM 000025
I2C_Read@ack                 cstackCOMRAM 000002
I2C_Read@data                cstackCOMRAM 000003
I2C_Read@i                   cstackCOMRAM 000004
I2C_ReadBit@bit              cstackCOMRAM 000001
I2C_Write@data               cstackCOMRAM 000002
I2C_Write@i                  cstackCOMRAM 000003
I2C_WriteBit@bit             cstackCOMRAM 000001
LCD_Cmd@cmd                  cstackCOMRAM 000003
LCD_SetCursor@address        cstackCOMRAM 000008
LCD_SetCursor@col            cstackCOMRAM 000004
LCD_SetCursor@row            cstackCOMRAM 000005
LCD_WriteChar@c              cstackCOMRAM 000003
LCD_WriteString@str          cstackCOMRAM 000004
Proximity_ReadValue@value    cstackCOMRAM 000006
_ADCON1                      (abs)        000FC1
_CMCON                       (abs)        000FB4
_I2C_Delay                   text19       00123C
_I2C_Init                    text26       001246
_I2C_Read                    text16       000F4A
_I2C_ReadBit                 text18       0011E0
_I2C_Start                   text15       001210
_I2C_Stop                    text14       0011FA
_I2C_Write                   text13       00100C
_I2C_WriteBit                text17       0011C4
_LATA                        (abs)        000F89
_LATAbits                    (abs)        000F89
_LATB                        (abs)        000F8A
_LATBbits                    (abs)        000F8A
_LCD_Cmd                     text24       00093C
_LCD_Init                    text23       001056
_LCD_Pulse                   text25       001226
_LCD_SetCursor               text22       001110
_LCD_SetCursor$263           cstackCOMRAM 000006
_LCD_WriteChar               text21       000A48
_LCD_WriteString             text20       000FAE
_OSCCON                      (abs)        000FD3
_PORTBbits                   (abs)        000F81
_Proximity_ReadValue         text12       00117A
_TRISA                       (abs)        000F92
_TRISB                       (abs)        000F93
_TRISBbits                   (abs)        000F93
__HRAM                       (abs)        000000
__H__absolute__              __absolute__ 000000
__Habs1                      abs1         000000
__Hbank0                     bank0        000000
__Hbank1                     bank1        000000
__Hbank2                     bank2        000000
__Hbank3                     bank3        000000
__Hbank4                     bank4        000000
__Hbank5                     bank5        000000
__Hbank6                     bank6        000000
__Hbank7                     bank7        000000
__Hbigbss                    bigbss       000000
__Hbigdata                   bigdata      000000
__Hbigram                    bigram       000000
__Hbigsfr                    bigsfr       000000
__Hbss                       bss          000000
__HbssBANK0                  bssBANK0     000000
__HbssCOMRAM                 bssCOMRAM    000000
__Hcinit                     cinit        000000
__Hclrtext                   clrtext      000000
__Hcomram                    comram       000000
__Hconfig                    config       300008
__Hconst                     const        000000
__HcstackCOMRAM              cstackCOMRAM 000000
__Hdata                      data         000000
__Heeprom_data               eeprom_data  000000
__Hfarbss                    farbss       000000
__Hfardata                   fardata      000000
__Hheap                      heap         000000
__Hibigdata                  ibigdata     000000
__Hidata                     idata        000000
__Hidloc                     idloc        000000
__Hifardata                  ifardata     000000
__Hinit                      init         008000
__Hintcode                   intcode      000008
__Hintcode_body              intcode_body 000000
__Hintcodelo                 intcodelo    000018
__Hintentry                  intentry     000000
__Hintret                    intret       000000
__Hintsave_regs              intsave_regs 000000
__Hirdata                    irdata       000000
__Hmediumconst               mediumconst  000000
__HnvFARRAM                  nvFARRAM     000000
__Hnvbit                     nvbit        000000
__Hnvrram                    nvrram       000000
__Hparam                     rparam       000000
__Hpowerup                   powerup      000000
__Hram                       ram          000000
__Hramtop                    ramtop       000800
__Hrbit                      rbit         000000
__Hrbss                      rbss         000000
__Hrdata                     rdata        000000
__Hreset_vec                 reset_vec    000004
__Hrparam                    rparam       000000
__Hsfr                       sfr          000000
__Hsivt_hi                   sivt_hi      000000
__Hsivt_lo                   sivt_lo      000018
__Hsmallconst                smallconst   00082E
__Hspace_0                   (abs)        008000
__Hspace_1                   (abs)        000080
__Hspace_2                   (abs)        000000
__Hspace_4                   (abs)        600008
__Hstack                     stack        000000
__Hstruct                    struct       000000
__Htemp                      temp         000000
__Htext                      text         000000
__Htext0                     text0        000000
__Htext1                     text1        000000
__Htext10                    text10       000000
__Htext11                    text11       000000
__Htext12                    text12       000000
__Htext13                    text13       000000
__Htext14                    text14       000000
__Htext15                    text15       000000
__Htext16                    text16       000000
__Htext17                    text17       000000
__Htext18                    text18       000000
__Htext19                    text19       000000
__Htext2                     text2        000000
__Htext20                    text20       000000
__Htext21                    text21       000000
__Htext22                    text22       000000
__Htext23                    text23       000000
__Htext24                    text24       000000
__Htext25                    text25       000000
__Htext26                    text26       000000
__Htext3                     text3        000000
__Htext4                     text4        000000
__Htext5                     text5        000000
__Htext6                     text6        000000
__Htext7                     text7        000000
__Htext8                     text8        000000
__Htext9                     text9        000000
__LRAM                       (abs)        000001
__L__absolute__              __absolute__ 000000
__Labs1                      abs1         000000
__Lbank0                     bank0        000000
__Lbank1                     bank1        000000
__Lbank2                     bank2        000000
__Lbank3                     bank3        000000
__Lbank4                     bank4        000000
__Lbank5                     bank5        000000
__Lbank6                     bank6        000000
__Lbank7                     bank7        000000
__Lbigbss                    bigbss       000000
__Lbigdata                   bigdata      000000
__Lbigram                    bigram       000000
__Lbigsfr                    bigsfr       000000
__Lbss                       bss          000000
__LbssBANK0                  bssBANK0     000000
__LbssCOMRAM                 bssCOMRAM    000000
__Lcinit                     cinit        000000
__Lclrtext                   clrtext      000000
__Lcomram                    comram       000000
__Lconfig                    config       000000
__Lconst                     const        000000
__LcstackCOMRAM              cstackCOMRAM 000000
__Ldata                      data         000000
__Leeprom_data               eeprom_data  000000
__Lfarbss                    farbss       000000
__Lfardata                   fardata      000000
__Lheap                      heap         000000
__Libigdata                  ibigdata     000000
__Lidata                     idata        000000
__Lidloc                     idloc        000000
__Lifardata                  ifardata     000000
__Linit                      init         007FFC
__Lintcode                   intcode      000008
__Lintcode_body              intcode_body 000000
__Lintcodelo                 intcodelo    000018
__Lintentry                  intentry     000000
__Lintret                    intret       000000
__Lintsave_regs              intsave_regs 000000
__Lirdata                    irdata       000000
__Lmediumconst               mediumconst  000000
__LnvFARRAM                  nvFARRAM     000000
__Lnvbit                     nvbit        000000
__Lnvrram                    nvrram       000000
__Lparam                     rparam       000000
__Lpowerup                   powerup      000000
__Lram                       ram          000000
__Lramtop                    ramtop       000800
__Lrbit                      rbit         000000
__Lrbss                      rbss         000000
__Lrdata                     rdata        000000
__Lreset_vec                 reset_vec    000000
__Lrparam                    rparam       000000
__Lsfr                       sfr          000000
__Lsivt_hi                   sivt_hi      000000
__Lsivt_lo                   sivt_lo      000018
__Lsmallconst                smallconst   000800
__Lspace_0                   (abs)        000000
__Lspace_1                   (abs)        000000
__Lspace_2                   (abs)        000000
__Lspace_4                   (abs)        000000
__Lstack                     stack        000000
__Lstruct                    struct       000000
__Ltemp                      temp         000000
__Ltext                      text         000000
__Ltext0                     text0        000000
__Ltext1                     text1        000000
__Ltext10                    text10       000000
__Ltext11                    text11       000000
__Ltext12                    text12       000000
__Ltext13                    text13       000000
__Ltext14                    text14       000000
__Ltext15                    text15       000000
__Ltext16                    text16       000000
__Ltext17                    text17       000000
__Ltext18                    text18       000000
__Ltext19                    text19       000000
__Ltext2                     text2        000000
__Ltext20                    text20       000000
__Ltext21                    text21       000000
__Ltext22                    text22       000000
__Ltext23                    text23       000000
__Ltext24                    text24       000000
__Ltext25                    text25       000000
__Ltext26                    text26       000000
__Ltext3                     text3        000000
__Ltext4                     text4        000000
__Ltext5                     text5        000000
__Ltext6                     text6        000000
__Ltext7                     text7        000000
__Ltext8                     text8        000000
__Ltext9                     text9        000000
__S0                         (abs)        008000
__S1                         (abs)        000080
__S4                         (abs)        000000
__S5                         (abs)        000000
___heap_hi                   (abs)        000000
___heap_lo                   (abs)        000000
___inthi_sp                  stack        000000
___inthi_stack_hi            stack        000000
___inthi_stack_lo            stack        000000
___intlo_sp                  stack        000000
___intlo_stack_hi            stack        000000
___intlo_stack_lo            stack        000000
___lwdiv                     text10       000E72
___lwdiv@counter             cstackCOMRAM 000007
___lwdiv@dividend            cstackCOMRAM 000001
___lwdiv@divisor             cstackCOMRAM 000003
___lwdiv@quotient            cstackCOMRAM 000005
___lwmod                     text9        000EE6
___lwmod@counter             cstackCOMRAM 000005
___lwmod@dividend            cstackCOMRAM 000001
___lwmod@divisor             cstackCOMRAM 000003
___param_bank                (abs)        000000
___rparam_used               (abs)        000001
___sp                        stack        000000
___stack_hi                  stack        000000
___stack_lo                  stack        000000
__accesstop                  (abs)        000060
__activetblptr               (abs)        000002
__end_of_I2C_Delay           text19       001246
__end_of_I2C_Init            text26       001250
__end_of_I2C_Read            text16       000FAE
__end_of_I2C_ReadBit         text18       0011FA
__end_of_I2C_Start           text15       001226
__end_of_I2C_Stop            text14       001210
__end_of_I2C_Write           text13       001056
__end_of_I2C_WriteBit        text17       0011E0
__end_of_LCD_Cmd             text24       000A48
__end_of_LCD_Init            text23       001096
__end_of_LCD_Pulse           text25       00123C
__end_of_LCD_SetCursor       text22       001146
__end_of_LCD_WriteChar       text21       000B4C
__end_of_LCD_WriteString     text20       00100C
__end_of_Proximity_ReadValue text12       0011A4
__end_of___lwdiv             text10       000EE6
__end_of___lwmod             text9        000F4A
__end_of__initialization     cinit        0011BA
__end_of_fputc               text7        000CAA
__end_of_fputs               text6        001110
__end_of_main                text0        000DE8
__end_of_pad                 text5        000E72
__end_of_putch               text8        001252
__end_of_read_prec_or_width  text11       000D4E
__end_of_sprintf             text1        00117A
__end_of_utoa                text4        000C00
__end_of_vfpfcnvrt           text3        00093C
__end_of_vfprintf            text2        0010D4
__initialization             cinit        0011A4
__mediumconst                smallconst   000800
__pbssBANK0                  bssBANK0     000060
__pbssCOMRAM                 bssCOMRAM    00004C
__pcinit                     cinit        0011A4
__pcstackCOMRAM              cstackCOMRAM 000001
__psmallconst                smallconst   000800
__ptext0                     text0        000D4E
__ptext1                     text1        001146
__ptext10                    text10       000E72
__ptext11                    text11       000CAA
__ptext12                    text12       00117A
__ptext13                    text13       00100C
__ptext14                    text14       0011FA
__ptext15                    text15       001210
__ptext16                    text16       000F4A
__ptext17                    text17       0011C4
__ptext18                    text18       0011E0
__ptext19                    text19       00123C
__ptext2                     text2        001096
__ptext20                    text20       000FAE
__ptext21                    text21       000A48
__ptext22                    text22       001110
__ptext23                    text23       001056
__ptext24                    text24       00093C
__ptext25                    text25       001226
__ptext26                    text26       001246
__ptext3                     text3        00082E
__ptext4                     text4        000B4C
__ptext5                     text5        000DE8
__ptext6                     text6        0010D4
__ptext7                     text7        000C00
__ptext8                     text8        001250
__ptext9                     text9        000EE6
__ramtop                     ramtop       000800
__smallconst                 smallconst   000800
_dbuf                        bssBANK0     000060
_flags                       bssCOMRAM    000050
_fputc                       text7        000C00
_fputs                       text6        0010D4
_main                        text0        000D4E
_pad                         text5        000DE8
_prec                        bssCOMRAM    00004E
_putch                       text8        001250
_read_prec_or_width          text11       000CAA
_sprintf                     text1        001146
_utoa                        text4        000B4C
_vfpfcnvrt                   text3        00082E
_vfprintf                    text2        001096
_width                       bssCOMRAM    00004C
end_of_initialization        cinit        0011BA
fputc@c                      cstackCOMRAM 000001
fputc@fp                     cstackCOMRAM 000003
fputs@c                      cstackCOMRAM 00000B
fputs@fp                     cstackCOMRAM 00000A
fputs@i                      cstackCOMRAM 00000C
fputs@s                      cstackCOMRAM 000009
intlevel0                    text         000000
intlevel1                    text         000000
intlevel2                    text         000000
intlevel3                    text         000000
isa$std                      (abs)        000001
isa$xinst                    (abs)        000000
main@buffer                  cstackCOMRAM 00003B
main@valor                   cstackCOMRAM 00004B
pad@buf                      cstackCOMRAM 00000F
pad@fp                       cstackCOMRAM 00000E
pad@i                        cstackCOMRAM 000013
pad@p                        cstackCOMRAM 000010
read_prec_or_width@ap        cstackCOMRAM 000002
read_prec_or_width@c         cstackCOMRAM 000005
read_prec_or_width@fmt       cstackCOMRAM 000001
read_prec_or_width@n         cstackCOMRAM 000006
sprintf@ap                   cstackCOMRAM 00002D
sprintf@f                    cstackCOMRAM 00002E
sprintf@fmt                  cstackCOMRAM 00002A
sprintf@s                    cstackCOMRAM 000029
stackhi                      (abs)        000000
stacklo                      (abs)        000000
start                        init         007FFC
start_initialization         cinit        0011A4
utoa@d                       cstackCOMRAM 000016
utoa@fp                      cstackCOMRAM 000015
utoa@i                       cstackCOMRAM 00001B
utoa@p                       cstackCOMRAM 00001A
utoa@w                       cstackCOMRAM 000018
vfpfcnvrt@ap                 cstackCOMRAM 00001F
vfpfcnvrt@convarg            cstackCOMRAM 000020
vfpfcnvrt@cp                 cstackCOMRAM 000024
vfpfcnvrt@fmt                cstackCOMRAM 00001E
vfpfcnvrt@fp                 cstackCOMRAM 00001D
vfprintf@ap                  cstackCOMRAM 000027
vfprintf@cfmt                cstackCOMRAM 000028
vfprintf@fmt                 cstackCOMRAM 000026
vfprintf@fp                  cstackCOMRAM 000025


MODULE INFORMATION

Module		Function		Class		Link	Load	Size
C:\Program Files\Microchip\xc8\v3.00\pic\sources\c99\common\nf_fputc.c
		_fputc         		CODE           	0C00	0000	170

C:\Program Files\Microchip\xc8\v3.00\pic\sources\c99\common\nf_fputc.c estimated size: 170

SENSOR_IC2.c
		_LCD_Init      		CODE           	1056	0000	64
		_LCD_Cmd       		CODE           	093C	0000	268
		_Proximity_ReadValue		CODE           	117A	0000	42
		_main          		CODE           	0D4E	0000	154
		_LCD_SetCursor 		CODE           	1110	0000	54
		_I2C_Write     		CODE           	100C	0000	74
		_LCD_WriteString		CODE           	0FAE	0000	94
		_I2C_WriteBit  		CODE           	11C4	0000	28
		_I2C_Stop      		CODE           	11FA	0000	22
		_I2C_Read      		CODE           	0F4A	0000	100
		_I2C_ReadBit   		CODE           	11E0	0000	26
		_I2C_Init      		CODE           	1246	0000	10
		_I2C_Delay     		CODE           	123C	0000	10
		_LCD_Pulse     		CODE           	1226	0000	22
		_I2C_Start     		CODE           	1210	0000	22
		_LCD_WriteChar 		CODE           	0A48	0000	260

SENSOR_IC2.c estimated size: 1250

C:\Program Files\Microchip\xc8\v3.00\pic\sources\c99\common\nf_sprintf.c
		_sprintf       		CODE           	1146	0000	52

C:\Program Files\Microchip\xc8\v3.00\pic\sources\c99\common\nf_sprintf.c estimated size: 52

C:\Program Files\Microchip\xc8\v3.00\pic\sources\c99\common\lwmod.c
		___lwmod       		CODE           	0EE6	0000	100

C:\Program Files\Microchip\xc8\v3.00\pic\sources\c99\common\lwmod.c estimated size: 100

C:\Program Files\Microchip\xc8\v3.00\pic\sources\c99\common\putch.c
		_putch         		CODE           	1250	0000	2

C:\Program Files\Microchip\xc8\v3.00\pic\sources\c99\common\putch.c estimated size: 2

shared
		__initialization		CODE           	11A4	0000	22

shared estimated size: 22

C:\Program Files\Microchip\xc8\v3.00\pic\sources\c99\common\nf_fputs.c
		_fputs         		CODE           	10D4	0000	60

C:\Program Files\Microchip\xc8\v3.00\pic\sources\c99\common\nf_fputs.c estimated size: 60

C:\Program Files\Microchip\xc8\v3.00\pic\sources\c99\common\lwdiv.c
		___lwdiv       		CODE           	0E72	0000	116

C:\Program Files\Microchip\xc8\v3.00\pic\sources\c99\common\lwdiv.c estimated size: 116

C:\Program Files\Microchip\xc8\v3.00\pic\sources\c99\common\doprnt.c
		_read_prec_or_width		CODE           	0CAA	0000	164
		_vfpfcnvrt     		CODE           	082E	0000	270
		_pad           		CODE           	0DE8	0000	138
		_vfprintf      		CODE           	1096	0000	62
		_utoa          		CODE           	0B4C	0000	180

C:\Program Files\Microchip\xc8\v3.00\pic\sources\c99\common\doprnt.c estimated size: 814

