Microchip MPLAB XC8 Compiler V3.00

Linker command line:

-W-3 \
  --edf=C:/Program Files/Microchip/MPLABX/v6.25/packs/Microchip/PIC18Fxxxx_DFP/1.7.171/xc8\pic\dat\20250117225543_en.msgs \
  -cn -h+dist/default/production\GPS.X.production.sym \
  --cmf=dist/default/production\GPS.X.production.cmf -z -Q18F4550 \
  -oC:\Users\EQUIPO\AppData\Local\Temp\xcAsbcc.\driver_tmp_3.o \
  --defsym=__MPLAB_BUILD=1 --fixupoverflow=error \
  -Mdist/default/production/GPS.X.production.map \
  --md=C:\Users\EQUIPO\AppData\Local\Temp\xcAsbcc.\driver_tmp_0.dat -E1 \
  -ver=XC8 Compiler -ACODE=00h-07FFFh -ACONST=00h-07FFFh \
  -ASMALLCONST=0800h-08FFhx120 -AMEDIUMCONST=0800h-07FFFh -ACOMRAM=01h-05Fh \
  -AABS1=00h-07FFh -ABIGRAM=01h-07FFh -ARAM=060h-0FFh,0100h-01FFhx7 \
  -ABANK0=060h-0FFh -ABANK1=0100h-01FFh -ABANK2=0200h-02FFh \
  -ABANK3=0300h-03FFh -ABANK4=0400h-04FFh -ABANK5=0500h-05FFh \
  -ABANK6=0600h-06FFh -ABANK7=0700h-07FFh -ASFR=0F60h-0FFFh \
  -ABIGSFR=0F60h-0FFFh -ACONFIG=0300000h-030000Dh -AIDLOC=0200000h-0200007h \
  -AEEDATA=0F00000h-0F000FFh -peeprom_data=EEDATA \
  -preset_vec=00h,intcode=8h,intcodelo=18h,sivt_lo,sivt_hi=CODE \
  -ppowerup=CODE,init -pramtop=0800h -psmallconst=SMALLCONST \
  -pmediumconst=MEDIUMCONST -pconst=CONST -AFARRAM=00h-00h \
  -prdata=COMRAM,nvrram=COMRAM,nvbit=COMRAM,rbss=COMRAM,rbit=COMRAM \
  -pfarbss=FARRAM,fardata=FARRAM,nvFARRAM=FARRAM \
  -pintsave_regs=BIGRAM,bigbss=BIGRAM,bigdata=BIGRAM -pbss=RAM \
  -pidata=CODE,irdata=CODE,ibigdata=CODE,ifardata=CODE -prparam=COMRAM \
  C:\Users\EQUIPO\AppData\Local\Temp\xcAsbcc.\driver_tmp_14.o \
  dist/default/production\GPS.X.production.o 

Object code version is 3.11

Machine type is 18F4550



                Name                               Link     Load   Length Selector   Space Scale
C:\Users\EQUIPO\AppData\Local\Temp\xcAsbcc.\driver_tmp_14.o
                config                           300000   300000        8        0       4
                init                               7FFC     7FFC        4     3FFE       0
                reset_vec                             0        0        4        0       0
dist/default/production\GPS.X.production.o
                config                           300000   300000        8        0       4
                smallconst                          800      800       56      400       0
                text49                             4352     4352       5E      42B       0
                text48                             471A     471A       2E      42B       0
                text47                             47FE     47FE       14      42B       0
                text46                             4824     4824       12      42B       0
                text45                             4812     4812       12      42B       0
                text44                             47E6     47E6       18      42B       0
                text43                             4774     4774       2A      42B       0
                text42                             42F4     42F4       5E      42B       0
                text41                             4296     4296       5E      42B       0
                text40                             2B5A     2B5A      390      42B       0
                text39                             3ECC     3ECC       AA      42B       0
                text38                             39D4     39D4      104      42B       0
                text37                             2734     2734      426      42B       0
                text36                             467E     467E       38      42B       0
                text35                             227E     227E      4B6      42B       0
                text34                             4546     4546       46      42B       0
                text33                             38CE     38CE      106      42B       0
                text32                             3AD8     3AD8       FE      42B       0
                text31                             31CE     31CE      212      42B       0
                text30                             43B0     43B0       56      42B       0
                text29                             44AE     44AE       50      42B       0
                text28                             4836     4836        2      42B       0
                text27                             3E22     3E22       AA      42B       0
                text26                             45CC     45CC       40      42B       0
                text25                             4170     4170       66      42B       0
                text24                             445A     445A       54      42B       0
                text23                             188A     188A      9F4      42B       0
                text22                             3F76     3F76       A4      42B       0
                text21                             33E0     33E0      1CE      42B       0
                text20                             458C     458C       40      42B       0
                text19                             4646     4646       38      42B       0
                text18                             4106     4106       6A      42B       0
                text17                             46B6     46B6       36      42B       0
                text16                             401A     401A       82      42B       0
                text15                             409C     409C       6A      42B       0
                text14                             479E     479E       26      42B       0
                text13                             35AE     35AE      1B4      42B       0
                text12                             4748     4748       2C      42B       0
                text11                             4406     4406       54      42B       0
                text10                             47C4     47C4       22      42B       0
                text9                              46EC     46EC       2E      42B       0
                text8                               856      856     1034      42B       0
                text7                              3762     3762      16C      42B       0
                text6                              3CAA     3CAA       C4      42B       0
                text5                              44FE     44FE       48      42B       0
                text4                              4236     4236       60      42B       0
                text3                              41D6     41D6       60      42B       0
                text2                              3BD6     3BD6       D4      42B       0
                text1                              2EEA     2EEA      2E4      42B       0
                text0                              3D6E     3D6E       B4      42B       0
                cstackCOMRAM                          1        1       55        1       1
                cstackBANK0                          60       60       50       60       1
                cstackBANK1                         100      100       9A      100       1
                bssBANK2                            200      200       64      200       1
                bssBANK1                            19A      19A       50      100       1
                bssBANK0                             B0       B0       38       60       1
                bssCOMRAM                            56       56        7        1       1
                cinit                              460C     460C       3A      42B       0

TOTAL           Name                               Link     Load   Length     Space
        CLASS   CODE           
                init                               7FFC     7FFC        4         0
                reset_vec                             0        0        4         0
                text49                             4352     4352       5E         0
                text48                             471A     471A       2E         0
                text47                             47FE     47FE       14         0
                text46                             4824     4824       12         0
                text45                             4812     4812       12         0
                text44                             47E6     47E6       18         0
                text43                             4774     4774       2A         0
                text42                             42F4     42F4       5E         0
                text41                             4296     4296       5E         0
                text40                             2B5A     2B5A      390         0
                text39                             3ECC     3ECC       AA         0
                text38                             39D4     39D4      104         0
                text37                             2734     2734      426         0
                text36                             467E     467E       38         0
                text35                             227E     227E      4B6         0
                text34                             4546     4546       46         0
                text33                             38CE     38CE      106         0
                text32                             3AD8     3AD8       FE         0
                text31                             31CE     31CE      212         0
                text30                             43B0     43B0       56         0
                text29                             44AE     44AE       50         0
                text28                             4836     4836        2         0
                text27                             3E22     3E22       AA         0
                text26                             45CC     45CC       40         0
                text25                             4170     4170       66         0
                text24                             445A     445A       54         0
                text23                             188A     188A      9F4         0
                text22                             3F76     3F76       A4         0
                text21                             33E0     33E0      1CE         0
                text20                             458C     458C       40         0
                text19                             4646     4646       38         0
                text18                             4106     4106       6A         0
                text17                             46B6     46B6       36         0
                text16                             401A     401A       82         0
                text15                             409C     409C       6A         0
                text14                             479E     479E       26         0
                text13                             35AE     35AE      1B4         0
                text12                             4748     4748       2C         0
                text11                             4406     4406       54         0
                text10                             47C4     47C4       22         0
                text9                              46EC     46EC       2E         0
                text8                               856      856     1034         0
                text7                              3762     3762      16C         0
                text6                              3CAA     3CAA       C4         0
                text5                              44FE     44FE       48         0
                text4                              4236     4236       60         0
                text3                              41D6     41D6       60         0
                text2                              3BD6     3BD6       D4         0
                text1                              2EEA     2EEA      2E4         0
                text0                              3D6E     3D6E       B4         0
                cinit                              460C     460C       3A         0

        CLASS   CONST          

        CLASS   SMALLCONST     
                smallconst                          800      800       56         0

        CLASS   MEDIUMCONST    

        CLASS   COMRAM         
                cstackCOMRAM                          1        1       55         1
                bssCOMRAM                            56       56        7         1

        CLASS   ABS1           

        CLASS   BIGRAM         

        CLASS   RAM            

        CLASS   BANK0          
                cstackBANK0                          60       60       50         1
                bssBANK0                             B0       B0       38         1

        CLASS   BANK1          
                cstackBANK1                         100      100       9A         1
                bssBANK1                            19A      19A       50         1

        CLASS   BANK2          
                bssBANK2                            200      200       64         1

        CLASS   BANK3          

        CLASS   BANK4          

        CLASS   BANK5          

        CLASS   BANK6          

        CLASS   BANK7          

        CLASS   SFR            

        CLASS   BIGSFR         

        CLASS   CONFIG         
                config                           300000   300000        8         4

        CLASS   IDLOC          

        CLASS   EEDATA         

        CLASS   FARRAM         

        CLASS   HEAP           

        CLASS   STACK          



SEGMENTS        Name                           Load    Length   Top    Selector   Space  Class

                reset_vec                      000000  000004  000004         0       0  CODE    
                cstackCOMRAM                   000001  00005C  00005D         1       1  COMRAM  
                cstackBANK0                    000060  000088  0000E8        60       1  BANK0   
                cstackBANK1                    000100  0000EA  0001EA       100       1  BANK1   
                bssBANK2                       000200  000064  000264       200       1  BANK2   
                smallconst                     000800  000056  000856       400       0  SMALLCON
                text8                          000856  003FE2  004838       42B       0  CODE    
                init                           007FFC  000004  008000      3FFE       0  CODE    


UNUSED ADDRESS RANGES

        Name                Unused          Largest block    Delta
        BANK0            0000E8-0000FF               18
        BANK1            0001EA-0001FF               16
        BANK2            000264-0002FF               9C
        BANK3            000300-0003FF              100
        BANK4            000400-0004FF              100
        BANK5            000500-0005FF              100
        BANK6            000600-0006FF              100
        BANK7            000700-0007FF              100
        BIGRAM           00005D-00005F                3
                         0000E8-0000FF               18
                         0001EA-0001FF               16
                         000264-0007FF              59C
        BIGSFR           000F60-000FFF               A0
        CODE             000004-0007FF              7FC
                         004838-007FFB             37C4
        COMRAM           00005D-00005F                3
        CONFIG           300008-30000D                6
        CONST            000004-0007FF              7FC
                         004838-007FFB             37C4
        EEDATA           F00000-F000FF              100
        IDLOC            200000-200007                8
        MEDIUMCONST      004838-007FFB             37C4
        RAM              0000E8-0000FF               18
                         0001EA-0001FF               16
                         000264-0007FF              100
        SFR              000F60-000FFF               A0
        SMALLCONST       004838-007FFB              100

                                  Symbol Table

?___fladd                         cstackCOMRAM 00001A
?___fldiv                         cstackCOMRAM 000001
?___flmul                         cstackCOMRAM 000001
?___flneg                         cstackCOMRAM 000001
?___flsub                         cstackCOMRAM 00002A
?___fltol                         cstackCOMRAM 000001
?___fpclassifyf                   cstackCOMRAM 000001
?___lmul                          cstackCOMRAM 000001
?___wmul                          cstackCOMRAM 000001
?___xxtofl                        cstackCOMRAM 000001
?_floorf                          cstackCOMRAM 00001A
?_isdigit                         cstackCOMRAM 000001
?_isxdigit                        cstackCOMRAM 000001
?_labs                            cstackCOMRAM 000001
?_nanf                            cstackCOMRAM 000001
?_nmea_latlon_to_decimal          cstackCOMRAM 00003F
?_read_prec_or_width              cstackCOMRAM 000001
?_sprintf                         cstackBANK0  00008F
?_strcspn                         cstackCOMRAM 000005
?_strlen                          cstackCOMRAM 000001
?_strncmp                         cstackCOMRAM 000001
?_strspn                          cstackCOMRAM 000005
?_strtof                          cstackCOMRAM 000026
?_strtok                          cstackCOMRAM 00000B
?_toupper                         cstackCOMRAM 000001
?_vfprintf                        cstackBANK0  00008C
LCD_Char@data                     cstackCOMRAM 000002
LCD_Command@cmd                   cstackCOMRAM 000002
LCD_Set_Cursor@col                cstackCOMRAM 000003
LCD_Set_Cursor@pos                cstackCOMRAM 000005
LCD_Set_Cursor@row                cstackCOMRAM 000004
LCD_String@msg                    cstackCOMRAM 000003
_LATB                             (abs)        000F8A
_LATBbits                         (abs)        000F8A
_LCD_Char                         text42       0042F4
_LCD_Clear                        text44       0047E6
_LCD_Command                      text49       004352
_LCD_Init                         text48       00471A
_LCD_Set_Cursor                   text43       004774
_LCD_String                       text41       004296
_OSCCON                           (abs)        000FD3
_PIR1bits                         (abs)        000F9E
_RCREG                            (abs)        000FAE
_RCSTAbits                        (abs)        000FAB
_SPBRG                            (abs)        000FAF
_TRISB                            (abs)        000F93
_TRISCbits                        (abs)        000F94
_TXREG                            (abs)        000FAD
_TXSTAbits                        (abs)        000FAC
_UART_Data_Ready                  text47       0047FE
_UART_Init                        text46       004824
_UART_Read                        text45       004812
__HRAM                            (abs)        000000
__H__absolute__                   __absolute__ 000000
__Habs1                           abs1         000000
__Hbank0                          bank0        000000
__Hbank1                          bank1        000000
__Hbank2                          bank2        000000
__Hbank3                          bank3        000000
__Hbank4                          bank4        000000
__Hbank5                          bank5        000000
__Hbank6                          bank6        000000
__Hbank7                          bank7        000000
__Hbigbss                         bigbss       000000
__Hbigdata                        bigdata      000000
__Hbigram                         bigram       000000
__Hbigsfr                         bigsfr       000000
__Hbss                            bss          000000
__HbssBANK0                       bssBANK0     000000
__HbssBANK1                       bssBANK1     000000
__HbssBANK2                       bssBANK2     000000
__HbssCOMRAM                      bssCOMRAM    000000
__Hcinit                          cinit        000000
__Hclrtext                        clrtext      000000
__Hcomram                         comram       000000
__Hconfig                         config       300008
__Hconst                          const        000000
__HcstackBANK0                    cstackBANK0  000000
__HcstackBANK1                    cstackBANK1  000000
__HcstackCOMRAM                   cstackCOMRAM 000000
__Hdata                           data         000000
__Heeprom_data                    eeprom_data  000000
__Hfarbss                         farbss       000000
__Hfardata                        fardata      000000
__Hheap                           heap         000000
__Hibigdata                       ibigdata     000000
__Hidata                          idata        000000
__Hidloc                          idloc        000000
__Hifardata                       ifardata     000000
__Hinit                           init         008000
__Hintcode                        intcode      000008
__Hintcode_body                   intcode_body 000000
__Hintcodelo                      intcodelo    000018
__Hintentry                       intentry     000000
__Hintret                         intret       000000
__Hintsave_regs                   intsave_regs 000000
__Hirdata                         irdata       000000
__Hmediumconst                    mediumconst  000000
__HnvFARRAM                       nvFARRAM     000000
__Hnvbit                          nvbit        000000
__Hnvrram                         nvrram       000000
__Hparam                          rparam       000000
__Hpowerup                        powerup      000000
__Hram                            ram          000000
__Hramtop                         ramtop       000800
__Hrbit                           rbit         000000
__Hrbss                           rbss         000000
__Hrdata                          rdata        000000
__Hreset_vec                      reset_vec    000004
__Hrparam                         rparam       000000
__Hsfr                            sfr          000000
__Hsivt_hi                        sivt_hi      000000
__Hsivt_lo                        sivt_lo      000018
__Hsmallconst                     smallconst   000856
__Hspace_0                        (abs)        008000
__Hspace_1                        (abs)        000264
__Hspace_2                        (abs)        000000
__Hspace_4                        (abs)        600008
__Hstack                          stack        000000
__Hstruct                         struct       000000
__Htemp                           temp         000000
__Htext                           text         000000
__Htext0                          text0        000000
__Htext1                          text1        000000
__Htext10                         text10       000000
__Htext11                         text11       000000
__Htext12                         text12       000000
__Htext13                         text13       000000
__Htext14                         text14       000000
__Htext15                         text15       000000
__Htext16                         text16       000000
__Htext17                         text17       000000
__Htext18                         text18       000000
__Htext19                         text19       000000
__Htext2                          text2        000000
__Htext20                         text20       000000
__Htext21                         text21       000000
__Htext22                         text22       000000
__Htext23                         text23       000000
__Htext24                         text24       000000
__Htext25                         text25       000000
__Htext26                         text26       000000
__Htext27                         text27       000000
__Htext28                         text28       000000
__Htext29                         text29       000000
__Htext3                          text3        000000
__Htext30                         text30       000000
__Htext31                         text31       000000
__Htext32                         text32       000000
__Htext33                         text33       000000
__Htext34                         text34       000000
__Htext35                         text35       000000
__Htext36                         text36       000000
__Htext37                         text37       000000
__Htext38                         text38       000000
__Htext39                         text39       000000
__Htext4                          text4        000000
__Htext40                         text40       000000
__Htext41                         text41       000000
__Htext42                         text42       000000
__Htext43                         text43       000000
__Htext44                         text44       000000
__Htext45                         text45       000000
__Htext46                         text46       000000
__Htext47                         text47       000000
__Htext48                         text48       000000
__Htext49                         text49       000000
__Htext5                          text5        000000
__Htext6                          text6        000000
__Htext7                          text7        000000
__Htext8                          text8        000000
__Htext9                          text9        000000
__LRAM                            (abs)        000001
__L__absolute__                   __absolute__ 000000
__Labs1                           abs1         000000
__Lbank0                          bank0        000000
__Lbank1                          bank1        000000
__Lbank2                          bank2        000000
__Lbank3                          bank3        000000
__Lbank4                          bank4        000000
__Lbank5                          bank5        000000
__Lbank6                          bank6        000000
__Lbank7                          bank7        000000
__Lbigbss                         bigbss       000000
__Lbigdata                        bigdata      000000
__Lbigram                         bigram       000000
__Lbigsfr                         bigsfr       000000
__Lbss                            bss          000000
__LbssBANK0                       bssBANK0     000000
__LbssBANK1                       bssBANK1     000000
__LbssBANK2                       bssBANK2     000000
__LbssCOMRAM                      bssCOMRAM    000000
__Lcinit                          cinit        000000
__Lclrtext                        clrtext      000000
__Lcomram                         comram       000000
__Lconfig                         config       000000
__Lconst                          const        000000
__LcstackBANK0                    cstackBANK0  000000
__LcstackBANK1                    cstackBANK1  000000
__LcstackCOMRAM                   cstackCOMRAM 000000
__Ldata                           data         000000
__Leeprom_data                    eeprom_data  000000
__Lfarbss                         farbss       000000
__Lfardata                        fardata      000000
__Lheap                           heap         000000
__Libigdata                       ibigdata     000000
__Lidata                          idata        000000
__Lidloc                          idloc        000000
__Lifardata                       ifardata     000000
__Linit                           init         007FFC
__Lintcode                        intcode      000008
__Lintcode_body                   intcode_body 000000
__Lintcodelo                      intcodelo    000018
__Lintentry                       intentry     000000
__Lintret                         intret       000000
__Lintsave_regs                   intsave_regs 000000
__Lirdata                         irdata       000000
__Lmediumconst                    mediumconst  000000
__LnvFARRAM                       nvFARRAM     000000
__Lnvbit                          nvbit        000000
__Lnvrram                         nvrram       000000
__Lparam                          rparam       000000
__Lpowerup                        powerup      000000
__Lram                            ram          000000
__Lramtop                         ramtop       000800
__Lrbit                           rbit         000000
__Lrbss                           rbss         000000
__Lrdata                          rdata        000000
__Lreset_vec                      reset_vec    000000
__Lrparam                         rparam       000000
__Lsfr                            sfr          000000
__Lsivt_hi                        sivt_hi      000000
__Lsivt_lo                        sivt_lo      000018
__Lsmallconst                     smallconst   000800
__Lspace_0                        (abs)        000000
__Lspace_1                        (abs)        000000
__Lspace_2                        (abs)        000000
__Lspace_4                        (abs)        000000
__Lstack                          stack        000000
__Lstruct                         struct       000000
__Ltemp                           temp         000000
__Ltext                           text         000000
__Ltext0                          text0        000000
__Ltext1                          text1        000000
__Ltext10                         text10       000000
__Ltext11                         text11       000000
__Ltext12                         text12       000000
__Ltext13                         text13       000000
__Ltext14                         text14       000000
__Ltext15                         text15       000000
__Ltext16                         text16       000000
__Ltext17                         text17       000000
__Ltext18                         text18       000000
__Ltext19                         text19       000000
__Ltext2                          text2        000000
__Ltext20                         text20       000000
__Ltext21                         text21       000000
__Ltext22                         text22       000000
__Ltext23                         text23       000000
__Ltext24                         text24       000000
__Ltext25                         text25       000000
__Ltext26                         text26       000000
__Ltext27                         text27       000000
__Ltext28                         text28       000000
__Ltext29                         text29       000000
__Ltext3                          text3        000000
__Ltext30                         text30       000000
__Ltext31                         text31       000000
__Ltext32                         text32       000000
__Ltext33                         text33       000000
__Ltext34                         text34       000000
__Ltext35                         text35       000000
__Ltext36                         text36       000000
__Ltext37                         text37       000000
__Ltext38                         text38       000000
__Ltext39                         text39       000000
__Ltext4                          text4        000000
__Ltext40                         text40       000000
__Ltext41                         text41       000000
__Ltext42                         text42       000000
__Ltext43                         text43       000000
__Ltext44                         text44       000000
__Ltext45                         text45       000000
__Ltext46                         text46       000000
__Ltext47                         text47       000000
__Ltext48                         text48       000000
__Ltext49                         text49       000000
__Ltext5                          text5        000000
__Ltext6                          text6        000000
__Ltext7                          text7        000000
__Ltext8                          text8        000000
__Ltext9                          text9        000000
__S0                              (abs)        008000
__S1                              (abs)        000264
__S4                              (abs)        000000
__S5                              (abs)        000000
___fladd                          text35       00227E
___fladd@a                        cstackCOMRAM 00001E
___fladd@aexp                     cstackCOMRAM 000027
___fladd@b                        cstackCOMRAM 00001A
___fladd@bexp                     cstackCOMRAM 000028
___fladd@grs                      cstackCOMRAM 000029
___fladd@signs                    cstackCOMRAM 000026
___fldiv                          text40       002B5A
___fldiv@a                        cstackCOMRAM 000005
___fldiv@aexp                     cstackCOMRAM 000019
___fldiv@b                        cstackCOMRAM 000001
___fldiv@bexp                     cstackCOMRAM 000018
___fldiv@grs                      cstackCOMRAM 000014
___fldiv@new_exp                  cstackCOMRAM 000012
___fldiv@rem                      cstackCOMRAM 00000D
___fldiv@sign                     cstackCOMRAM 000011
___fleq                           text39       003ECC
___fleq@ff1                       cstackCOMRAM 000001
___fleq@ff2                       cstackCOMRAM 000005
___flge                           text38       0039D4
___flge@ff1                       cstackCOMRAM 00001A
___flge@ff2                       cstackCOMRAM 00001E
___flmul                          text37       002734
___flmul@a                        cstackCOMRAM 000005
___flmul@aexp                     cstackCOMRAM 000012
___flmul@b                        cstackCOMRAM 000001
___flmul@bexp                     cstackCOMRAM 000013
___flmul@grs                      cstackCOMRAM 00000E
___flmul@prod                     cstackCOMRAM 000014
___flmul@sign                     cstackCOMRAM 00000D
___flmul@temp                     cstackCOMRAM 000018
___flneg                          text36       00467E
___flneg@f1                       cstackCOMRAM 000001
___flsub                          text34       004546
___flsub@a                        cstackCOMRAM 00002E
___flsub@b                        cstackCOMRAM 00002A
___fltol                          text33       0038CE
___fltol@exp1                     cstackCOMRAM 00000A
___fltol@f1                       cstackCOMRAM 000001
___fltol@sign1                    cstackCOMRAM 000009
___fpclassifyf                    text32       003AD8
___fpclassifyf@F465               bssBANK0     0000DC
___fpclassifyf@e                  cstackCOMRAM 000009
___fpclassifyf@u                  cstackCOMRAM 00000B
___fpclassifyf@x                  cstackCOMRAM 000001
___heap_hi                        (abs)        000000
___heap_lo                        (abs)        000000
___inthi_sp                       stack        000000
___inthi_stack_hi                 stack        000000
___inthi_stack_lo                 stack        000000
___intlo_sp                       stack        000000
___intlo_stack_hi                 stack        000000
___intlo_stack_lo                 stack        000000
___lmul                           text15       00409C
___lmul@multiplicand              cstackCOMRAM 000005
___lmul@multiplier                cstackCOMRAM 000001
___lmul@product                   cstackCOMRAM 000009
___param_bank                     (abs)        000000
___rparam_used                    (abs)        000001
___sp                             stack        000000
___stack_hi                       stack        000000
___stack_lo                       stack        000000
___wmul                           text14       00479E
___wmul@multiplicand              cstackCOMRAM 000003
___wmul@multiplier                cstackCOMRAM 000001
___wmul@product                   cstackCOMRAM 000005
___xxtofl                         text13       0035AE
___xxtofl@arg                     cstackCOMRAM 00000B
___xxtofl@exp                     cstackCOMRAM 00000A
___xxtofl@sign                    cstackCOMRAM 000009
___xxtofl@val                     cstackCOMRAM 000001
__accesstop                       (abs)        000060
__activetblptr                    (abs)        000002
__end_of_LCD_Char                 text42       004352
__end_of_LCD_Clear                text44       0047FE
__end_of_LCD_Command              text49       0043B0
__end_of_LCD_Init                 text48       004748
__end_of_LCD_Set_Cursor           text43       00479E
__end_of_LCD_String               text41       0042F4
__end_of_UART_Data_Ready          text47       004812
__end_of_UART_Init                text46       004836
__end_of_UART_Read                text45       004824
__end_of___fladd                  text35       002734
__end_of___fldiv                  text40       002EEA
__end_of___fleq                   text39       003F76
__end_of___flge                   text38       003AD8
__end_of___flmul                  text37       002B5A
__end_of___flneg                  text36       0046B6
__end_of___flsub                  text34       00458C
__end_of___fltol                  text33       0039D4
__end_of___fpclassifyf            text32       003BD6
__end_of___lmul                   text15       004106
__end_of___wmul                   text14       0047C4
__end_of___xxtofl                 text13       003762
__end_of__initialization          cinit        00463C
__end_of_display_latlon           text18       004170
__end_of_efgtoa                   text23       00227E
__end_of_floorf                   text31       0033E0
__end_of_fputc                    text27       003ECC
__end_of_fputs                    text26       00460C
__end_of_isdigit                  text12       004774
__end_of_isxdigit                 text11       00445A
__end_of_labs                     text30       004406
__end_of_main                     text0        003E22
__end_of_memcpy                   text29       0044FE
__end_of_nanf                     text10       0047E6
__end_of_nmea_latlon_to_decimal   text7        0038CE
__end_of_pad                      text25       0041D6
__end_of_parse_nmea_line          text1        0031CE
__end_of_putch                    text28       004838
__end_of_read_prec_or_width       text22       00401A
__end_of_sprintf                  text19       00467E
__end_of_strchr                   text5        004546
__end_of_strcpy                   text24       0044AE
__end_of_strcspn                  text4        004296
__end_of_strlen                   text17       0046EC
__end_of_strncmp                  text6        003D6E
__end_of_strncpy                  text16       00409C
__end_of_strspn                   text3        004236
__end_of_strtof                   text8        00188A
__end_of_strtok                   text2        003CAA
__end_of_toupper                  text9        00471A
__end_of_vfpfcnvrt                text21       0035AE
__end_of_vfprintf                 text20       0045CC
__initialization                  cinit        00460C
__mediumconst                     smallconst   000800
__pbssBANK0                       bssBANK0     0000B0
__pbssBANK1                       bssBANK1     00019A
__pbssBANK2                       bssBANK2     000200
__pbssCOMRAM                      bssCOMRAM    000056
__pcinit                          cinit        00460C
__pcstackBANK0                    cstackBANK0  000060
__pcstackBANK1                    cstackBANK1  000100
__pcstackCOMRAM                   cstackCOMRAM 000001
__psmallconst                     smallconst   000800
__ptext0                          text0        003D6E
__ptext1                          text1        002EEA
__ptext10                         text10       0047C4
__ptext11                         text11       004406
__ptext12                         text12       004748
__ptext13                         text13       0035AE
__ptext14                         text14       00479E
__ptext15                         text15       00409C
__ptext16                         text16       00401A
__ptext17                         text17       0046B6
__ptext18                         text18       004106
__ptext19                         text19       004646
__ptext2                          text2        003BD6
__ptext20                         text20       00458C
__ptext21                         text21       0033E0
__ptext22                         text22       003F76
__ptext23                         text23       00188A
__ptext24                         text24       00445A
__ptext25                         text25       004170
__ptext26                         text26       0045CC
__ptext27                         text27       003E22
__ptext28                         text28       004836
__ptext29                         text29       0044AE
__ptext3                          text3        0041D6
__ptext30                         text30       0043B0
__ptext31                         text31       0031CE
__ptext32                         text32       003AD8
__ptext33                         text33       0038CE
__ptext34                         text34       004546
__ptext35                         text35       00227E
__ptext36                         text36       00467E
__ptext37                         text37       002734
__ptext38                         text38       0039D4
__ptext39                         text39       003ECC
__ptext4                          text4        004236
__ptext40                         text40       002B5A
__ptext41                         text41       004296
__ptext42                         text42       0042F4
__ptext43                         text43       004774
__ptext44                         text44       0047E6
__ptext45                         text45       004812
__ptext46                         text46       004824
__ptext47                         text47       0047FE
__ptext48                         text48       00471A
__ptext49                         text49       004352
__ptext5                          text5        0044FE
__ptext6                          text6        003CAA
__ptext7                          text7        003762
__ptext8                          text8        000856
__ptext9                          text9        0046EC
__ramtop                          ramtop       000800
__smallconst                      smallconst   000800
_dbuf                             bssBANK1     00019A
_display_latlon                   text18       004106
_efgtoa                           text23       00188A
_efgtoa$991                       cstackBANK0  000066
_errno                            bssCOMRAM    000058
_flags                            bssCOMRAM    00005C
_floorf                           text31       0031CE
_fputc                            text27       003E22
_fputs                            text26       0045CC
_isdigit                          text12       004748
_isxdigit                         text11       004406
_isxdigit$1195                    cstackCOMRAM 000007
_labs                             text30       0043B0
_main                             text0        003D6E
_memcpy                           text29       0044AE
_nanf                             text10       0047C4
_nmea_buffer                      bssBANK2     000200
_nmea_index                       bssCOMRAM    00005A
_nmea_latlon_to_decimal           text7        003762
_pad                              text25       004170
_parse_nmea_line                  text1        002EEA
_prec                             bssBANK0     0000E6
_putch                            text28       004836
_read_prec_or_width               text22       003F76
_sprintf                          text19       004646
_strchr                           text5        0044FE
_strcpy                           text24       00445A
_strcspn                          text4        004236
_strlen                           text17       0046B6
_strncmp                          text6        003CAA
_strncpy                          text16       00401A
_strspn                           text3        0041D6
_strtof                           text8        000856
_strtok                           text2        003BD6
_toupper                          text9        0046EC
_vfpfcnvrt                        text21       0033E0
_vfprintf                         text20       00458C
_width                            bssBANK0     0000E4
display_latlon@buf                cstackBANK0  00009D
display_latlon@lat                cstackBANK0  000095
display_latlon@lon                cstackBANK0  000099
efgtoa@c                          cstackCOMRAM 000037
efgtoa@d                          cstackBANK0  00006B
efgtoa@e                          cstackBANK0  00006F
efgtoa@f                          cstackCOMRAM 000033
efgtoa@fp                         cstackCOMRAM 000032
efgtoa@g                          cstackBANK0  000084
efgtoa@h                          cstackBANK0  000079
efgtoa@i                          cstackBANK0  000077
efgtoa@l                          cstackBANK0  00007D
efgtoa@m                          cstackBANK0  00006D
efgtoa@mode                       cstackBANK0  000069
efgtoa@n                          cstackBANK0  000082
efgtoa@ne                         cstackBANK0  000060
efgtoa@nmode                      cstackBANK0  00006A
efgtoa@ou                         cstackBANK0  000073
efgtoa@p                          cstackBANK0  000062
efgtoa@pp                         cstackBANK0  000068
efgtoa@sign                       cstackBANK0  000081
efgtoa@t                          cstackBANK0  000064
efgtoa@u                          cstackBANK0  000088
efgtoa@w                          cstackBANK0  000071
end_of_initialization             cinit        00463C
floorf@F521                       bssBANK0     0000D8
floorf@e                          cstackCOMRAM 000028
floorf@m                          cstackCOMRAM 000024
floorf@u                          cstackCOMRAM 00002A
floorf@x                          cstackCOMRAM 00001A
fputc@c                           cstackCOMRAM 000001
fputc@fp                          cstackCOMRAM 000003
fputs@c                           cstackCOMRAM 00000C
fputs@fp                          cstackCOMRAM 00000B
fputs@i                           cstackCOMRAM 00000D
fputs@s                           cstackCOMRAM 000009
intlevel0                         text         000000
intlevel1                         text         000000
intlevel2                         text         000000
intlevel3                         text         000000
isa$std                           (abs)        000001
isa$xinst                         (abs)        000000
isdigit@c                         cstackCOMRAM 000001
isxdigit@c                        cstackCOMRAM 000001
labs@a                            cstackCOMRAM 000001
main@c                            cstackCOMRAM 000055
memcpy@d                          cstackCOMRAM 000007
memcpy@d1                         cstackCOMRAM 000001
memcpy@n                          cstackCOMRAM 000005
memcpy@s                          cstackCOMRAM 000009
memcpy@s1                         cstackCOMRAM 000003
memcpy@tmp                        cstackCOMRAM 00000B
nanf@s                            cstackCOMRAM 000001
nanf@u                            cstackCOMRAM 000005
nmea_latlon_to_decimal@decimal    cstackCOMRAM 00004B
nmea_latlon_to_decimal@deg        cstackCOMRAM 000043
nmea_latlon_to_decimal@deg_digits cstackCOMRAM 00004F
nmea_latlon_to_decimal@deg_str    cstackCOMRAM 000051
nmea_latlon_to_decimal@hemi       cstackCOMRAM 000041
nmea_latlon_to_decimal@min        cstackCOMRAM 000047
nmea_latlon_to_decimal@nmea       cstackCOMRAM 00003F
pad@buf                           cstackCOMRAM 000010
pad@fp                            cstackCOMRAM 00000F
pad@i                             cstackCOMRAM 000015
pad@p                             cstackCOMRAM 000012
parse_nmea_line@field             cstackBANK1  000196
parse_nmea_line@lat               cstackBANK1  00018C
parse_nmea_line@lat_field         cstackBANK1  000164
parse_nmea_line@lat_hemi          cstackBANK1  000194
parse_nmea_line@line              cstackBANK0  0000AE
parse_nmea_line@lon               cstackBANK1  000190
parse_nmea_line@lon_field         cstackBANK1  000178
parse_nmea_line@lon_hemi          cstackBANK1  000195
parse_nmea_line@tmp               cstackBANK1  000100
parse_nmea_line@token             cstackBANK1  000198
read_prec_or_width@ap             cstackCOMRAM 000002
read_prec_or_width@c              cstackCOMRAM 000005
read_prec_or_width@fmt            cstackCOMRAM 000001
read_prec_or_width@n              cstackCOMRAM 000006
sprintf@ap                        cstackCOMRAM 000045
sprintf@f                         cstackCOMRAM 000046
sprintf@fmt                       cstackBANK0  000090
sprintf@s                         cstackBANK0  00008F
stackhi                           (abs)        000000
stacklo                           (abs)        000000
start                             init         007FFC
start_initialization              cinit        00460C
strchr@c                          cstackCOMRAM 000002
strchr@s                          cstackCOMRAM 000001
strcpy@d                          cstackCOMRAM 000007
strcpy@dest                       cstackCOMRAM 000001
strcpy@src                        cstackCOMRAM 000003
strcspn@c                         cstackCOMRAM 000007
strcspn@i                         cstackCOMRAM 000009
strcspn@s                         cstackCOMRAM 000005
strlen@a                          cstackCOMRAM 000003
strlen@s                          cstackCOMRAM 000001
strncmp@l                         cstackCOMRAM 000001
strncmp@n                         cstackCOMRAM 000004
strncmp@r                         cstackCOMRAM 000003
strncpy@cp                        cstackCOMRAM 000007
strncpy@d                         cstackCOMRAM 000001
strncpy@n                         cstackCOMRAM 000005
strncpy@s                         cstackCOMRAM 000003
strspn@c                          cstackCOMRAM 000007
strspn@i                          cstackCOMRAM 000009
strspn@s                          cstackCOMRAM 000005
strtof@_u                         cstackCOMRAM 00003A
strtof@digit                      cstackCOMRAM 000034
strtof@dpos                       cstackCOMRAM 000033
strtof@eexp                       cstackCOMRAM 000038
strtof@err                        cstackCOMRAM 000030
strtof@expon                      cstackCOMRAM 000036
strtof@flags                      cstackCOMRAM 000035
strtof@i                          cstackCOMRAM 00003E
strtof@res                        cstackCOMRAM 000028
strtof@s                          cstackCOMRAM 000026
strtof@xpos                       cstackCOMRAM 000032
strtok@p                          bssCOMRAM    000056
strtok@s                          cstackCOMRAM 00000B
strtok@sep                        cstackCOMRAM 00000D
toupper@c                         cstackCOMRAM 000001
vfpfcnvrt@ap                      cstackCOMRAM 00003C
vfpfcnvrt@c                       cstackCOMRAM 000042
vfpfcnvrt@convarg                 cstackCOMRAM 00003E
vfpfcnvrt@cp                      cstackCOMRAM 000043
vfpfcnvrt@fmt                     cstackCOMRAM 00003B
vfpfcnvrt@fp                      cstackCOMRAM 00003A
vfprintf@ap                       cstackBANK0  00008E
vfprintf@cfmt                     cstackCOMRAM 000044
vfprintf@fmt                      cstackBANK0  00008D
vfprintf@fp                       cstackBANK0  00008C


MODULE INFORMATION

Module		Function		Class		Link	Load	Size
C:\Program Files\Microchip\xc8\v3.00\pic\sources\c99\common\strspn.c
		_strspn        		CODE           	41D6	0000	96

C:\Program Files\Microchip\xc8\v3.00\pic\sources\c99\common\strspn.c estimated size: 96

C:\Program Files\Microchip\xc8\v3.00\pic\sources\c99\common\flge.c
		___flge        		CODE           	39D4	0000	260

C:\Program Files\Microchip\xc8\v3.00\pic\sources\c99\common\flge.c estimated size: 260

C:\Program Files\Microchip\xc8\v3.00\pic\sources\c99\common\strtof.c
		_strtof        		CODE           	0856	0000	4148

C:\Program Files\Microchip\xc8\v3.00\pic\sources\c99\common\strtof.c estimated size: 4148

C:\Program Files\Microchip\xc8\v3.00\pic\sources\c99\common\nf_fputc.c
		_fputc         		CODE           	3E22	0000	170

C:\Program Files\Microchip\xc8\v3.00\pic\sources\c99\common\nf_fputc.c estimated size: 170

C:\Program Files\Microchip\xc8\v3.00\pic\sources\c99\common\memcpy.c
		_memcpy        		CODE           	44AE	0000	80

C:\Program Files\Microchip\xc8\v3.00\pic\sources\c99\common\memcpy.c estimated size: 80

C:\Program Files\Microchip\xc8\v3.00\pic\sources\c99\common\flneg.c
		___flneg       		CODE           	467E	0000	56

C:\Program Files\Microchip\xc8\v3.00\pic\sources\c99\common\flneg.c estimated size: 56

C:\Program Files\Microchip\xc8\v3.00\pic\sources\c99\common\isxdigit.c
		_isxdigit      		CODE           	4406	0000	84

C:\Program Files\Microchip\xc8\v3.00\pic\sources\c99\common\isxdigit.c estimated size: 84

C:\Program Files\Microchip\xc8\v3.00\pic\sources\c99\common\__fpclassifyf.c
		___fpclassifyf 		CODE           	3AD8	0000	254

C:\Program Files\Microchip\xc8\v3.00\pic\sources\c99\common\__fpclassifyf.c estimated size: 254

C:\Program Files\Microchip\xc8\v3.00\pic\sources\c99\common\Umul16.c
		___wmul        		CODE           	479E	0000	38

C:\Program Files\Microchip\xc8\v3.00\pic\sources\c99\common\Umul16.c estimated size: 38

C:\Program Files\Microchip\xc8\v3.00\pic\sources\c99\common\nf_sprintf.c
		_sprintf       		CODE           	4646	0000	56

C:\Program Files\Microchip\xc8\v3.00\pic\sources\c99\common\nf_sprintf.c estimated size: 56

C:\Program Files\Microchip\xc8\v3.00\pic\sources\c99\common\nanf.c
		_nanf          		CODE           	47C4	0000	34

C:\Program Files\Microchip\xc8\v3.00\pic\sources\c99\common\nanf.c estimated size: 34

C:\Program Files\Microchip\xc8\v3.00\pic\sources\c99\common\toupper.c
		_toupper       		CODE           	46EC	0000	46

C:\Program Files\Microchip\xc8\v3.00\pic\sources\c99\common\toupper.c estimated size: 46

C:\Program Files\Microchip\xc8\v3.00\pic\sources\c99\common\strtok.c
		_strtok        		CODE           	3BD6	0000	212

C:\Program Files\Microchip\xc8\v3.00\pic\sources\c99\common\strtok.c estimated size: 212

C:\Program Files\Microchip\xc8\v3.00\pic\sources\c99\common\floorf.c
		_floorf        		CODE           	31CE	0000	530

C:\Program Files\Microchip\xc8\v3.00\pic\sources\c99\common\floorf.c estimated size: 530

C:\Program Files\Microchip\xc8\v3.00\pic\sources\c99\common\putch.c
		_putch         		CODE           	4836	0000	2

C:\Program Files\Microchip\xc8\v3.00\pic\sources\c99\common\putch.c estimated size: 2

C:\Program Files\Microchip\xc8\v3.00\pic\sources\c99\common\fleq.c
		___fleq        		CODE           	3ECC	0000	170

C:\Program Files\Microchip\xc8\v3.00\pic\sources\c99\common\fleq.c estimated size: 170

C:\Program Files\Microchip\xc8\v3.00\pic\sources\c99\common\strncmp.c
		_strncmp       		CODE           	3CAA	0000	196

C:\Program Files\Microchip\xc8\v3.00\pic\sources\c99\common\strncmp.c estimated size: 196

C:\Program Files\Microchip\xc8\v3.00\pic\sources\c99\common\sprcmul.c
		___flmul       		CODE           	2734	0000	1062

C:\Program Files\Microchip\xc8\v3.00\pic\sources\c99\common\sprcmul.c estimated size: 1062

C:\Program Files\Microchip\xc8\v3.00\pic\sources\c99\common\strncpy.c
		_strncpy       		CODE           	401A	0000	130

C:\Program Files\Microchip\xc8\v3.00\pic\sources\c99\common\strncpy.c estimated size: 130

C:\Program Files\Microchip\xc8\v3.00\pic\sources\c99\common\Umul32.c
		___lmul        		CODE           	409C	0000	106

C:\Program Files\Microchip\xc8\v3.00\pic\sources\c99\common\Umul32.c estimated size: 106

C:\Program Files\Microchip\xc8\v3.00\pic\sources\c99\common\sprcdiv.c
		___fldiv       		CODE           	2B5A	0000	912

C:\Program Files\Microchip\xc8\v3.00\pic\sources\c99\common\sprcdiv.c estimated size: 912

shared
		__initialization		CODE           	460C	0000	48

shared estimated size: 48

C:\Program Files\Microchip\xc8\v3.00\pic\sources\c99\common\xxtofl.c
		___xxtofl      		CODE           	35AE	0000	436

C:\Program Files\Microchip\xc8\v3.00\pic\sources\c99\common\xxtofl.c estimated size: 436

C:\Program Files\Microchip\xc8\v3.00\pic\sources\c99\common\nf_fputs.c
		_fputs         		CODE           	45CC	0000	64

C:\Program Files\Microchip\xc8\v3.00\pic\sources\c99\common\nf_fputs.c estimated size: 64

C:\Program Files\Microchip\xc8\v3.00\pic\sources\c99\common\strlen.c
		_strlen        		CODE           	46B6	0000	54

C:\Program Files\Microchip\xc8\v3.00\pic\sources\c99\common\strlen.c estimated size: 54

C:\Program Files\Microchip\xc8\v3.00\pic\sources\c99\common\strchr.c
		_strchr        		CODE           	44FE	0000	72

C:\Program Files\Microchip\xc8\v3.00\pic\sources\c99\common\strchr.c estimated size: 72

C:\Program Files\Microchip\xc8\v3.00\pic\sources\c99\common\strcpy.c
		_strcpy        		CODE           	445A	0000	84

C:\Program Files\Microchip\xc8\v3.00\pic\sources\c99\common\strcpy.c estimated size: 84

C:\Program Files\Microchip\xc8\v3.00\pic\sources\c99\common\strcspn.c
		_strcspn       		CODE           	4236	0000	96

C:\Program Files\Microchip\xc8\v3.00\pic\sources\c99\common\strcspn.c estimated size: 96

C:\Program Files\Microchip\xc8\v3.00\pic\sources\c99\common\fltol.c
		___fltol       		CODE           	38CE	0000	262

C:\Program Files\Microchip\xc8\v3.00\pic\sources\c99\common\fltol.c estimated size: 262

C:\Program Files\Microchip\xc8\v3.00\pic\sources\c99\common\labs.c
		_labs          		CODE           	43B0	0000	86

C:\Program Files\Microchip\xc8\v3.00\pic\sources\c99\common\labs.c estimated size: 86

GPS_I2C.c
		_LCD_String    		CODE           	4296	0000	94
		_LCD_Init      		CODE           	471A	0000	46
		_LCD_Command   		CODE           	4352	0000	94
		_UART_Read     		CODE           	4812	0000	18
		_UART_Data_Ready		CODE           	47FE	0000	20
		_UART_Init     		CODE           	4824	0000	18
		_main          		CODE           	3D6E	0000	180
		_parse_nmea_line		CODE           	2EEA	0000	740
		_LCD_Char      		CODE           	42F4	0000	94
		_display_latlon		CODE           	4106	0000	106
		_nmea_latlon_to_decimal		CODE           	3762	0000	364
		_LCD_Set_Cursor		CODE           	4774	0000	42
		_LCD_Clear     		CODE           	47E6	0000	24

GPS_I2C.c estimated size: 1840

C:\Program Files\Microchip\xc8\v3.00\pic\sources\c99\common\isdigit.c
		_isdigit       		CODE           	4748	0000	44

C:\Program Files\Microchip\xc8\v3.00\pic\sources\c99\common\isdigit.c estimated size: 44

C:\Program Files\Microchip\xc8\v3.00\pic\sources\c99\common\doprnt.c
		_read_prec_or_width		CODE           	3F76	0000	164
		_vfpfcnvrt     		CODE           	33E0	0000	462
		_efgtoa        		CODE           	188A	0000	2548
		_pad           		CODE           	4170	0000	102
		_vfprintf      		CODE           	458C	0000	64

C:\Program Files\Microchip\xc8\v3.00\pic\sources\c99\common\doprnt.c estimated size: 3340

C:\Program Files\Microchip\xc8\v3.00\pic\sources\c99\common\sprcadd.c
		___flsub       		CODE           	4546	0000	70
		___fladd       		CODE           	227E	0000	1206

C:\Program Files\Microchip\xc8\v3.00\pic\sources\c99\common\sprcadd.c estimated size: 1276

