

Microchip MPLAB XC8 Assembler V3.00 build 20241204225717 
                                                                                               Mon Oct 20 17:15:42 2025

Microchip MPLAB XC8 C Compiler v3.00 (Free license) build 20241204225717 Og1 
     1                           	processor	18F4550
     2                           	fnconf	rparam,??,?,0
     3                           	pagewidth 120
     4                           	opt	flic
     5                           	psect	smallconst,global,reloc=2,class=SMALLCONST,space=0,delta=1,noexec
     6                           	psect	cinit,global,reloc=2,class=CODE,space=0,delta=1
     7                           	psect	cstackCOMRAM,global,class=COMRAM,space=1,delta=1,lowdata,noexec
     8                           	psect	text0,global,reloc=2,class=CODE,space=0,delta=1
     9                           	psect	text1,global,reloc=2,class=CODE,space=0,delta=1
    10                           	psect	text2,global,reloc=2,class=CODE,space=0,delta=1
    11                           	psect	text3,global,reloc=2,class=CODE,space=0,delta=1
    12                           	psect	text4,global,reloc=2,class=CODE,space=0,delta=1
    13                           	psect	text5,global,reloc=2,class=CODE,space=0,delta=1
    14                           	psect	text6,global,reloc=2,class=CODE,space=0,delta=1
    15                           	psect	intsave_regs,global,class=BIGRAM,space=1,delta=1,noexec
    16                           	psect	rparam,global,class=COMRAM,space=1,delta=1,noexec
    17                           	psect	config,global,abs,ovrld,class=CONFIG,space=4,delta=1,noexec
    18   000000                     
    19                           ; Generated 17/01/2025 GMT
    20                           ; 
    21                           ; Copyright © 2025, Microchip Technology Inc. and its subsidiaries ("Microchip")
    22                           ; All rights reserved.
    23                           ; 
    24                           ; This software is developed by Microchip Technology Inc. and its subsidiaries ("Microch
      +                          ip").
    25                           ; 
    26                           ; Redistribution and use in source and binary forms, with or without modification, are
    27                           ; permitted provided that the following conditions are met:
    28                           ; 
    29                           ;     1. Redistributions of source code must retain the above copyright notice, this lis
      +                          t of
    30                           ;        conditions and the following disclaimer.
    31                           ; 
    32                           ;     2. Redistributions in binary form must reproduce the above copyright notice, this 
      +                          list
    33                           ;        of conditions and the following disclaimer in the documentation and/or other
    34                           ;        materials provided with the distribution. Publication is not required when
    35                           ;        this file is used in an embedded application.
    36                           ; 
    37                           ;     3. Microchip's name may not be used to endorse or promote products derived from th
      +                          is
    38                           ;        software without specific prior written permission.
    39                           ; 
    40                           ; THIS SOFTWARE IS PROVIDED BY MICROCHIP "AS IS" AND ANY EXPRESS OR IMPLIED WARRANTIES,
    41                           ; INCLUDING, BUT NOT LIMITED TO, THE IMPLIED WARRANTIES OF MERCHANTABILITY AND FITNESS F
      +                          OR
    42                           ; PURPOSE ARE DISCLAIMED.  IN NO EVENT SHALL MICROCHIP BE LIABLE FOR ANY DIRECT, INDIREC
      +                          T,
    43                           ; INCIDENTAL, SPECIAL, EXEMPLARY, OR CONSEQUENTIAL DAMAGES (INCLUDING BUT NOT LIMITED TO
    44                           ; PROCUREMENT OF SUBSTITUTE GOODS OR SERVICES; LOSS OF USE, DATA OR PROFITS; OR BUSINESS
    45                           ; INTERRUPTION) HOWSOEVER CAUSED AND ON ANY THEORY OF LIABILITY, WHETHER IN CONTRACT, ST
      +                          RICT
    46                           ; LIABILITY, OR TORT (INCLUDING NEGLIGENCE OR OTHERWISE) ARISING IN ANY WAY OUT OF THE U
      +                          SE OF
    47                           ; THIS SOFTWARE, EVEN IF ADVISED OF THE POSSIBILITY OF SUCH DAMAGE.
    48                           ; 
    49                           ; 
    50                           ; Code-generator required, PIC18F4550 Definitions
    51                           ; 
    52                           ; SFR Addresses
    53   000FE0                     bsr             equ	4064
    54   000FE9                     fsr0            equ	4073
    55   000FEA                     fsr0h           equ	4074
    56   000FE9                     fsr0l           equ	4073
    57   000FE1                     fsr1            equ	4065
    58   000FE2                     fsr1h           equ	4066
    59   000FE1                     fsr1l           equ	4065
    60   000FD9                     fsr2            equ	4057
    61   000FDA                     fsr2h           equ	4058
    62   000FD9                     fsr2l           equ	4057
    63   000FEF                     indf0           equ	4079
    64   000FE7                     indf1           equ	4071
    65   000FDF                     indf2           equ	4063
    66   000FF2                     intcon          equ	4082
    67   000000                     nvmcon          equ	0
    68   000FF9                     pcl             equ	4089
    69   000FFA                     pclath          equ	4090
    70   000FFB                     pclatu          equ	4091
    71   000FEB                     plusw0          equ	4075
    72   000FE3                     plusw1          equ	4067
    73   000FDB                     plusw2          equ	4059
    74   000FED                     postdec0        equ	4077
    75   000FE5                     postdec1        equ	4069
    76   000FDD                     postdec2        equ	4061
    77   000FEE                     postinc0        equ	4078
    78   000FE6                     postinc1        equ	4070
    79   000FDE                     postinc2        equ	4062
    80   000FEC                     preinc0         equ	4076
    81   000FE4                     preinc1         equ	4068
    82   000FDC                     preinc2         equ	4060
    83   000FF3                     prod            equ	4083
    84   000FF4                     prodh           equ	4084
    85   000FF3                     prodl           equ	4083
    86   000FD8                     status          equ	4056
    87   000FF5                     tablat          equ	4085
    88   000FF6                     tblptr          equ	4086
    89   000FF7                     tblptrh         equ	4087
    90   000FF6                     tblptrl         equ	4086
    91   000FF8                     tblptru         equ	4088
    92   000FFD                     tosl            equ	4093
    93   000FE8                     wreg            equ	4072
    94   000F62                     SPPDATA         equ	3938	;# 
    95   000F63                     SPPCFG          equ	3939	;# 
    96   000F64                     SPPEPS          equ	3940	;# 
    97   000F65                     SPPCON          equ	3941	;# 
    98   000F66                     UFRM            equ	3942	;# 
    99   000F66                     UFRML           equ	3942	;# 
   100   000F67                     UFRMH           equ	3943	;# 
   101   000F68                     UIR             equ	3944	;# 
   102   000F69                     UIE             equ	3945	;# 
   103   000F6A                     UEIR            equ	3946	;# 
   104   000F6B                     UEIE            equ	3947	;# 
   105   000F6C                     USTAT           equ	3948	;# 
   106   000F6D                     UCON            equ	3949	;# 
   107   000F6E                     UADDR           equ	3950	;# 
   108   000F6F                     UCFG            equ	3951	;# 
   109   000F70                     UEP0            equ	3952	;# 
   110   000F71                     UEP1            equ	3953	;# 
   111   000F72                     UEP2            equ	3954	;# 
   112   000F73                     UEP3            equ	3955	;# 
   113   000F74                     UEP4            equ	3956	;# 
   114   000F75                     UEP5            equ	3957	;# 
   115   000F76                     UEP6            equ	3958	;# 
   116   000F77                     UEP7            equ	3959	;# 
   117   000F78                     UEP8            equ	3960	;# 
   118   000F79                     UEP9            equ	3961	;# 
   119   000F7A                     UEP10           equ	3962	;# 
   120   000F7B                     UEP11           equ	3963	;# 
   121   000F7C                     UEP12           equ	3964	;# 
   122   000F7D                     UEP13           equ	3965	;# 
   123   000F7E                     UEP14           equ	3966	;# 
   124   000F7F                     UEP15           equ	3967	;# 
   125   000F80                     PORTA           equ	3968	;# 
   126   000F81                     PORTB           equ	3969	;# 
   127   000F82                     PORTC           equ	3970	;# 
   128   000F83                     PORTD           equ	3971	;# 
   129   000F84                     PORTE           equ	3972	;# 
   130   000F89                     LATA            equ	3977	;# 
   131   000F8A                     LATB            equ	3978	;# 
   132   000F8B                     LATC            equ	3979	;# 
   133   000F8C                     LATD            equ	3980	;# 
   134   000F8D                     LATE            equ	3981	;# 
   135   000F92                     TRISA           equ	3986	;# 
   136   000F92                     DDRA            equ	3986	;# 
   137   000F93                     TRISB           equ	3987	;# 
   138   000F93                     DDRB            equ	3987	;# 
   139   000F94                     TRISC           equ	3988	;# 
   140   000F94                     DDRC            equ	3988	;# 
   141   000F95                     TRISD           equ	3989	;# 
   142   000F95                     DDRD            equ	3989	;# 
   143   000F96                     TRISE           equ	3990	;# 
   144   000F96                     DDRE            equ	3990	;# 
   145   000F9B                     OSCTUNE         equ	3995	;# 
   146   000F9D                     PIE1            equ	3997	;# 
   147   000F9E                     PIR1            equ	3998	;# 
   148   000F9F                     IPR1            equ	3999	;# 
   149   000FA0                     PIE2            equ	4000	;# 
   150   000FA1                     PIR2            equ	4001	;# 
   151   000FA2                     IPR2            equ	4002	;# 
   152   000FA6                     EECON1          equ	4006	;# 
   153   000FA7                     EECON2          equ	4007	;# 
   154   000FA8                     EEDATA          equ	4008	;# 
   155   000FA9                     EEADR           equ	4009	;# 
   156   000FAB                     RCSTA           equ	4011	;# 
   157   000FAB                     RCSTA1          equ	4011	;# 
   158   000FAC                     TXSTA           equ	4012	;# 
   159   000FAC                     TXSTA1          equ	4012	;# 
   160   000FAD                     TXREG           equ	4013	;# 
   161   000FAD                     TXREG1          equ	4013	;# 
   162   000FAE                     RCREG           equ	4014	;# 
   163   000FAE                     RCREG1          equ	4014	;# 
   164   000FAF                     SPBRG           equ	4015	;# 
   165   000FAF                     SPBRG1          equ	4015	;# 
   166   000FB0                     SPBRGH          equ	4016	;# 
   167   000FB1                     T3CON           equ	4017	;# 
   168   000FB2                     TMR3            equ	4018	;# 
   169   000FB2                     TMR3L           equ	4018	;# 
   170   000FB3                     TMR3H           equ	4019	;# 
   171   000FB4                     CMCON           equ	4020	;# 
   172   000FB5                     CVRCON          equ	4021	;# 
   173   000FB6                     ECCP1AS         equ	4022	;# 
   174   000FB6                     CCP1AS          equ	4022	;# 
   175   000FB7                     ECCP1DEL        equ	4023	;# 
   176   000FB7                     CCP1DEL         equ	4023	;# 
   177   000FB8                     BAUDCON         equ	4024	;# 
   178   000FB8                     BAUDCTL         equ	4024	;# 
   179   000FBA                     CCP2CON         equ	4026	;# 
   180   000FBB                     CCPR2           equ	4027	;# 
   181   000FBB                     CCPR2L          equ	4027	;# 
   182   000FBC                     CCPR2H          equ	4028	;# 
   183   000FBD                     CCP1CON         equ	4029	;# 
   184   000FBD                     ECCP1CON        equ	4029	;# 
   185   000FBE                     CCPR1           equ	4030	;# 
   186   000FBE                     CCPR1L          equ	4030	;# 
   187   000FBF                     CCPR1H          equ	4031	;# 
   188   000FC0                     ADCON2          equ	4032	;# 
   189   000FC1                     ADCON1          equ	4033	;# 
   190   000FC2                     ADCON0          equ	4034	;# 
   191   000FC3                     ADRES           equ	4035	;# 
   192   000FC3                     ADRESL          equ	4035	;# 
   193   000FC4                     ADRESH          equ	4036	;# 
   194   000FC5                     SSPCON2         equ	4037	;# 
   195   000FC6                     SSPCON1         equ	4038	;# 
   196   000FC7                     SSPSTAT         equ	4039	;# 
   197   000FC8                     SSPADD          equ	4040	;# 
   198   000FC9                     SSPBUF          equ	4041	;# 
   199   000FCA                     T2CON           equ	4042	;# 
   200   000FCB                     PR2             equ	4043	;# 
   201   000FCB                     MEMCON          equ	4043	;# 
   202   000FCC                     TMR2            equ	4044	;# 
   203   000FCD                     T1CON           equ	4045	;# 
   204   000FCE                     TMR1            equ	4046	;# 
   205   000FCE                     TMR1L           equ	4046	;# 
   206   000FCF                     TMR1H           equ	4047	;# 
   207   000FD0                     RCON            equ	4048	;# 
   208   000FD1                     WDTCON          equ	4049	;# 
   209   000FD2                     HLVDCON         equ	4050	;# 
   210   000FD2                     LVDCON          equ	4050	;# 
   211   000FD3                     OSCCON          equ	4051	;# 
   212   000FD5                     T0CON           equ	4053	;# 
   213   000FD6                     TMR0            equ	4054	;# 
   214   000FD6                     TMR0L           equ	4054	;# 
   215   000FD7                     TMR0H           equ	4055	;# 
   216   000FD8                     STATUS          equ	4056	;# 
   217   000FD9                     FSR2            equ	4057	;# 
   218   000FD9                     FSR2L           equ	4057	;# 
   219   000FDA                     FSR2H           equ	4058	;# 
   220   000FDB                     PLUSW2          equ	4059	;# 
   221   000FDC                     PREINC2         equ	4060	;# 
   222   000FDD                     POSTDEC2        equ	4061	;# 
   223   000FDE                     POSTINC2        equ	4062	;# 
   224   000FDF                     INDF2           equ	4063	;# 
   225   000FE0                     BSR             equ	4064	;# 
   226   000FE1                     FSR1            equ	4065	;# 
   227   000FE1                     FSR1L           equ	4065	;# 
   228   000FE2                     FSR1H           equ	4066	;# 
   229   000FE3                     PLUSW1          equ	4067	;# 
   230   000FE4                     PREINC1         equ	4068	;# 
   231   000FE5                     POSTDEC1        equ	4069	;# 
   232   000FE6                     POSTINC1        equ	4070	;# 
   233   000FE7                     INDF1           equ	4071	;# 
   234   000FE8                     WREG            equ	4072	;# 
   235   000FE9                     FSR0            equ	4073	;# 
   236   000FE9                     FSR0L           equ	4073	;# 
   237   000FEA                     FSR0H           equ	4074	;# 
   238   000FEB                     PLUSW0          equ	4075	;# 
   239   000FEC                     PREINC0         equ	4076	;# 
   240   000FED                     POSTDEC0        equ	4077	;# 
   241   000FEE                     POSTINC0        equ	4078	;# 
   242   000FEF                     INDF0           equ	4079	;# 
   243   000FF0                     INTCON3         equ	4080	;# 
   244   000FF1                     INTCON2         equ	4081	;# 
   245   000FF2                     INTCON          equ	4082	;# 
   246   000FF3                     PROD            equ	4083	;# 
   247   000FF3                     PRODL           equ	4083	;# 
   248   000FF4                     PRODH           equ	4084	;# 
   249   000FF5                     TABLAT          equ	4085	;# 
   250   000FF6                     TBLPTR          equ	4086	;# 
   251   000FF6                     TBLPTRL         equ	4086	;# 
   252   000FF7                     TBLPTRH         equ	4087	;# 
   253   000FF8                     TBLPTRU         equ	4088	;# 
   254   000FF9                     PCLAT           equ	4089	;# 
   255   000FF9                     PC              equ	4089	;# 
   256   000FF9                     PCL             equ	4089	;# 
   257   000FFA                     PCLATH          equ	4090	;# 
   258   000FFB                     PCLATU          equ	4091	;# 
   259   000FFC                     STKPTR          equ	4092	;# 
   260   000FFD                     TOS             equ	4093	;# 
   261   000FFD                     TOSL            equ	4093	;# 
   262   000FFE                     TOSH            equ	4094	;# 
   263   000FFF                     TOSU            equ	4095	;# 
   264   000F8A                     _LATBbits       set	3978
   265   000F8A                     _LATB           set	3978
   266   000F93                     _TRISB          set	3987
   267   000FD3                     _OSCCONbits     set	4051
   268                           
   269                           	psect	smallconst
   270   000800                     __psmallconst:
   271                           	callstack 0
   272   000800  00                 	db	0
   273   000801                     STR_1:
   274   000801  48                 	db	72	;'H'
   275   000802  65                 	db	101	;'e'
   276   000803  6C                 	db	108	;'l'
   277   000804  6C                 	db	108	;'l'
   278   000805  6F                 	db	111	;'o'
   279   000806  20                 	db	32
   280   000807  57                 	db	87	;'W'
   281   000808  6F                 	db	111	;'o'
   282   000809  72                 	db	114	;'r'
   283   00080A  6C                 	db	108	;'l'
   284   00080B  64                 	db	100	;'d'
   285   00080C  00                 	db	0
   286   00080D  00                 	db	0	; dummy byte at the end
   287   000800                     __smallconst    set	__psmallconst
   288   000800                     __mediumconst   set	__psmallconst
   289   000001                     __activetblptr  equ	1
   290                           
   291                           ; #config settings
   292                           
   293                           	psect	cinit
   294   0009C2                     __pcinit:
   295                           	callstack 0
   296   0009C2                     start_initialization:
   297                           	callstack 0
   298   0009C2                     __initialization:
   299                           	callstack 0
   300   0009C2                     end_of_initialization:
   301                           	callstack 0
   302   0009C2                     __end_of__initialization:
   303                           	callstack 0
   304   0009C2  0E00               	movlw	low (__Lsmallconst shr (0+16))
   305   0009C4  6EF8               	movwf	tblptru,c
   306   0009C6  0E08               	movlw	high __Lsmallconst
   307   0009C8  6EF7               	movwf	tblptrh,c
   308   0009CA  0100               	movlb	0
   309   0009CC  EF9E  F004         	goto	_main	;jump to C main() function
   310                           
   311                           	psect	cstackCOMRAM
   312   000001                     __pcstackCOMRAM:
   313                           	callstack 0
   314   000001                     ??_Lcd_Port:
   315                           
   316                           ; 1 bytes @ 0x0
   317   000001                     	ds	1
   318   000002                     Lcd_Port@nibble:
   319                           	callstack 0
   320                           
   321                           ; 1 bytes @ 0x1
   322   000002                     	ds	1
   323   000003                     ??_Lcd_Cmd:
   324   000003                     ??_Lcd_Char:
   325                           
   326                           ; 1 bytes @ 0x2
   327   000003                     	ds	1
   328   000004                     Lcd_Cmd@cmd:
   329                           	callstack 0
   330   000004                     Lcd_Char@data:
   331                           	callstack 0
   332                           
   333                           ; 1 bytes @ 0x3
   334   000004                     	ds	1
   335   000005                     Lcd_Set_Cursor@column:
   336                           	callstack 0
   337   000005                     Lcd_String@str:
   338                           	callstack 0
   339   000005                     ??_Lcd_Init:
   340                           
   341                           ; 1 bytes @ 0x4
   342   000005                     	ds	1
   343   000006                     Lcd_Set_Cursor@row:
   344                           	callstack 0
   345   000006                     
   346                           ; 1 bytes @ 0x5
   347   000006                     	ds	1
   348   000007                     Lcd_Set_Cursor@pos:
   349                           	callstack 0
   350                           
   351                           ; 1 bytes @ 0x6
   352   000007                     	ds	1
   353   000008                     
   354                           ; 1 bytes @ 0x7
   355 ;;
   356 ;;Main: autosize = 0, tempsize = 0, incstack = 0, save=0
   357 ;;
   358 ;; *************** function _main *****************
   359 ;; Defined at:
   360 ;;		line 37 in file "PANTALLALCD.c"
   361 ;; Parameters:    Size  Location     Type
   362 ;;		None
   363 ;; Auto vars:     Size  Location     Type
   364 ;;		None
   365 ;; Return value:  Size  Location     Type
   366 ;;                  1    wreg      void 
   367 ;; Registers used:
   368 ;;		wreg, status,2, status,0, tblptrl, tblptrh, tblptru, cstack
   369 ;; Tracked objects:
   370 ;;		On entry : 0/0
   371 ;;		On exit  : 0/0
   372 ;;		Unchanged: 0/0
   373 ;; Data sizes:     COMRAM   BANK0   BANK1   BANK2   BANK3   BANK4   BANK5   BANK6   BANK7
   374 ;;      Params:         0       0       0       0       0       0       0       0       0
   375 ;;      Locals:         0       0       0       0       0       0       0       0       0
   376 ;;      Temps:          0       0       0       0       0       0       0       0       0
   377 ;;      Totals:         0       0       0       0       0       0       0       0       0
   378 ;;Total ram usage:        0 bytes
   379 ;; Hardware stack levels required when called: 3
   380 ;; This function calls:
   381 ;;		_Lcd_Init
   382 ;;		_Lcd_Set_Cursor
   383 ;;		_Lcd_String
   384 ;; This function is called by:
   385 ;;		Startup code after reset
   386 ;; This function uses a non-reentrant model
   387 ;;
   388                           
   389                           	psect	text0
   390   00093C                     __ptext0:
   391                           	callstack 0
   392   00093C                     _main:
   393                           	callstack 28
   394   00093C                     
   395                           ;PANTALLALCD.c: 39:     OSCCONbits.IRCF2 = 1;
   396   00093C  8CD3               	bsf	211,6,c	;volatile
   397                           
   398                           ;PANTALLALCD.c: 40:     OSCCONbits.IRCF1 = 1;
   399   00093E  8AD3               	bsf	211,5,c	;volatile
   400                           
   401                           ;PANTALLALCD.c: 41:     OSCCONbits.IRCF0 = 1;
   402   000940  88D3               	bsf	211,4,c	;volatile
   403   000942                     
   404                           ;PANTALLALCD.c: 42:     OSCCONbits.SCS = 1;
   405   000942  50D3               	movf	211,w,c	;volatile
   406   000944  0BFC               	andlw	-4
   407   000946  0901               	iorlw	1
   408   000948  6ED3               	movwf	211,c	;volatile
   409   00094A                     
   410                           ;PANTALLALCD.c: 44:     TRISB = 0x00;
   411   00094A  6A93               	clrf	147,c	;volatile
   412   00094C                     
   413                           ;PANTALLALCD.c: 45:     LATB = 0x00;
   414   00094C  6A8A               	clrf	138,c	;volatile
   415   00094E                     
   416                           ;PANTALLALCD.c: 47:     Lcd_Init();
   417   00094E  EC60  F004         	call	_Lcd_Init	;wreg free
   418   000952                     
   419                           ;PANTALLALCD.c: 48:     Lcd_Set_Cursor(1, 1);
   420   000952  0E01               	movlw	1
   421   000954  6E05               	movwf	Lcd_Set_Cursor@column^0,c
   422   000956  0E01               	movlw	1
   423   000958  ECCC  F004         	call	_Lcd_Set_Cursor
   424   00095C                     
   425                           ;PANTALLALCD.c: 49:     Lcd_String("Hello World");
   426   00095C  0E01               	movlw	low STR_1
   427   00095E  6E05               	movwf	Lcd_String@str^0,c
   428   000960  ECB6  F004         	call	_Lcd_String	;wreg free
   429   000964                     l21:
   430   000964  EFB2  F004         	goto	l21
   431   000968  EFFE  F03F         	goto	start
   432   00096C                     __end_of_main:
   433                           	callstack 0
   434                           
   435 ;; *************** function _Lcd_String *****************
   436 ;; Defined at:
   437 ;;		line 97 in file "PANTALLALCD.c"
   438 ;; Parameters:    Size  Location     Type
   439 ;;  str             1    4[COMRAM] PTR const unsigned char 
   440 ;;		 -> STR_1(12), 
   441 ;; Auto vars:     Size  Location     Type
   442 ;;		None
   443 ;; Return value:  Size  Location     Type
   444 ;;                  1    wreg      void 
   445 ;; Registers used:
   446 ;;		wreg, status,2, status,0, tblptrl, tblptrh, tblptru, cstack
   447 ;; Tracked objects:
   448 ;;		On entry : 0/0
   449 ;;		On exit  : 0/0
   450 ;;		Unchanged: 0/0
   451 ;; Data sizes:     COMRAM   BANK0   BANK1   BANK2   BANK3   BANK4   BANK5   BANK6   BANK7
   452 ;;      Params:         1       0       0       0       0       0       0       0       0
   453 ;;      Locals:         0       0       0       0       0       0       0       0       0
   454 ;;      Temps:          0       0       0       0       0       0       0       0       0
   455 ;;      Totals:         1       0       0       0       0       0       0       0       0
   456 ;;Total ram usage:        1 bytes
   457 ;; Hardware stack levels used: 1
   458 ;; Hardware stack levels required when called: 2
   459 ;; This function calls:
   460 ;;		_Lcd_Char
   461 ;; This function is called by:
   462 ;;		_main
   463 ;; This function uses a non-reentrant model
   464 ;;
   465                           
   466                           	psect	text1
   467   00096C                     __ptext1:
   468                           	callstack 0
   469   00096C                     _Lcd_String:
   470                           	callstack 28
   471   00096C                     
   472                           ;PANTALLALCD.c: 98:     while(*str)
   473   00096C  EFBF  F004         	goto	l822
   474   000970                     l818:
   475                           
   476                           ;PANTALLALCD.c: 99:         Lcd_Char(*str++);
   477   000970  C005  FFF6         	movff	Lcd_String@str,tblptrl
   478   000974                     	if	0	;There is only one active tblptr byte
   479   000974                     	endif
   480   000974                     	if	0	;tblptru may be non-zero
   481   000974                     	endif
   482   000974                     	if	0	;tblptru may be non-zero
   483   000974                     	endif
   484   000974  0008               	tblrd		*
   485   000976  50F5               	movf	tablat,w,c
   486   000978  EC41  F004         	call	_Lcd_Char
   487   00097C  2A05               	incf	Lcd_String@str^0,f,c
   488   00097E                     l822:
   489                           
   490                           ;PANTALLALCD.c: 98:     while(*str)
   491   00097E  C005  FFF6         	movff	Lcd_String@str,tblptrl
   492   000982                     	if	0	;There is only one active tblptr byte
   493   000982                     	endif
   494   000982                     	if	0	;tblptru may be non-zero
   495   000982                     	endif
   496   000982                     	if	0	;tblptru may be non-zero
   497   000982                     	endif
   498   000982  0008               	tblrd		*
   499   000984  50F5               	movf	tablat,w,c
   500   000986  0900               	iorlw	0
   501   000988  A4D8               	btfss	status,2,c
   502   00098A  EFC9  F004         	goto	u41
   503   00098E  EFCB  F004         	goto	u40
   504   000992                     u41:
   505   000992  EFB8  F004         	goto	l818
   506   000996                     u40:
   507   000996  0012               	return		;funcret
   508   000998                     __end_of_Lcd_String:
   509                           	callstack 0
   510                           
   511 ;; *************** function _Lcd_Char *****************
   512 ;; Defined at:
   513 ;;		line 70 in file "PANTALLALCD.c"
   514 ;; Parameters:    Size  Location     Type
   515 ;;  data            1    wreg     unsigned char 
   516 ;; Auto vars:     Size  Location     Type
   517 ;;  data            1    3[COMRAM] unsigned char 
   518 ;; Return value:  Size  Location     Type
   519 ;;                  1    wreg      void 
   520 ;; Registers used:
   521 ;;		wreg, status,2, status,0, cstack
   522 ;; Tracked objects:
   523 ;;		On entry : 0/0
   524 ;;		On exit  : 0/0
   525 ;;		Unchanged: 0/0
   526 ;; Data sizes:     COMRAM   BANK0   BANK1   BANK2   BANK3   BANK4   BANK5   BANK6   BANK7
   527 ;;      Params:         0       0       0       0       0       0       0       0       0
   528 ;;      Locals:         1       0       0       0       0       0       0       0       0
   529 ;;      Temps:          1       0       0       0       0       0       0       0       0
   530 ;;      Totals:         2       0       0       0       0       0       0       0       0
   531 ;;Total ram usage:        2 bytes
   532 ;; Hardware stack levels used: 1
   533 ;; Hardware stack levels required when called: 1
   534 ;; This function calls:
   535 ;;		_Lcd_Port
   536 ;; This function is called by:
   537 ;;		_Lcd_String
   538 ;; This function uses a non-reentrant model
   539 ;;
   540                           
   541                           	psect	text2
   542   000882                     __ptext2:
   543                           	callstack 0
   544   000882                     _Lcd_Char:
   545                           	callstack 28
   546                           
   547                           ;incstack = 0
   548                           ;Lcd_Char@data stored from wreg
   549   000882  6E04               	movwf	Lcd_Char@data^0,c
   550   000884                     
   551                           ;PANTALLALCD.c: 71:     LATBbits.LATB0 = 1;
   552   000884  808A               	bsf	138,0,c	;volatile
   553   000886                     
   554                           ;PANTALLALCD.c: 72:     Lcd_Port(data >> 4);
   555   000886  3804               	swapf	Lcd_Char@data^0,w,c
   556   000888  0B0F               	andlw	15
   557   00088A  EC07  F004         	call	_Lcd_Port
   558   00088E                     
   559                           ;PANTALLALCD.c: 73:     LATBbits.LATB1 = 1; _delay((unsigned long)((2)*(8000000/4000.0))
      +                          ); LATBbits.LATB1 = 0;
   560   00088E  828A               	bsf	138,1,c	;volatile
   561   000890  0E06               	movlw	6
   562   000892  6E03               	movwf	??_Lcd_Char^0,c
   563   000894  0E30               	movlw	48
   564   000896                     u57:
   565   000896  2EE8               	decfsz	wreg,f,c
   566   000898  D7FE               	bra	u57
   567   00089A  2E03               	decfsz	??_Lcd_Char^0,f,c
   568   00089C  D7FC               	bra	u57
   569   00089E  D000               	nop2	
   570   0008A0  928A               	bcf	138,1,c	;volatile
   571   0008A2                     
   572                           ;PANTALLALCD.c: 74:     Lcd_Port(data & 0x0F);
   573   0008A2  5004               	movf	Lcd_Char@data^0,w,c
   574   0008A4  0B0F               	andlw	15
   575   0008A6  EC07  F004         	call	_Lcd_Port
   576   0008AA                     
   577                           ;PANTALLALCD.c: 75:     LATBbits.LATB1 = 1; _delay((unsigned long)((2)*(8000000/4000.0))
      +                          ); LATBbits.LATB1 = 0;
   578   0008AA  828A               	bsf	138,1,c	;volatile
   579   0008AC  0E06               	movlw	6
   580   0008AE  6E03               	movwf	??_Lcd_Char^0,c
   581   0008B0  0E30               	movlw	48
   582   0008B2                     u67:
   583   0008B2  2EE8               	decfsz	wreg,f,c
   584   0008B4  D7FE               	bra	u67
   585   0008B6  2E03               	decfsz	??_Lcd_Char^0,f,c
   586   0008B8  D7FC               	bra	u67
   587   0008BA  D000               	nop2	
   588   0008BC  928A               	bcf	138,1,c	;volatile
   589   0008BE  0012               	return		;funcret
   590   0008C0                     __end_of_Lcd_Char:
   591                           	callstack 0
   592                           
   593 ;; *************** function _Lcd_Set_Cursor *****************
   594 ;; Defined at:
   595 ;;		line 88 in file "PANTALLALCD.c"
   596 ;; Parameters:    Size  Location     Type
   597 ;;  row             1    wreg     unsigned char 
   598 ;;  column          1    4[COMRAM] unsigned char 
   599 ;; Auto vars:     Size  Location     Type
   600 ;;  row             1    5[COMRAM] unsigned char 
   601 ;;  pos             1    6[COMRAM] unsigned char 
   602 ;; Return value:  Size  Location     Type
   603 ;;                  1    wreg      void 
   604 ;; Registers used:
   605 ;;		wreg, status,2, status,0, cstack
   606 ;; Tracked objects:
   607 ;;		On entry : 0/0
   608 ;;		On exit  : 0/0
   609 ;;		Unchanged: 0/0
   610 ;; Data sizes:     COMRAM   BANK0   BANK1   BANK2   BANK3   BANK4   BANK5   BANK6   BANK7
   611 ;;      Params:         1       0       0       0       0       0       0       0       0
   612 ;;      Locals:         2       0       0       0       0       0       0       0       0
   613 ;;      Temps:          0       0       0       0       0       0       0       0       0
   614 ;;      Totals:         3       0       0       0       0       0       0       0       0
   615 ;;Total ram usage:        3 bytes
   616 ;; Hardware stack levels used: 1
   617 ;; Hardware stack levels required when called: 2
   618 ;; This function calls:
   619 ;;		_Lcd_Cmd
   620 ;; This function is called by:
   621 ;;		_main
   622 ;; This function uses a non-reentrant model
   623 ;;
   624                           
   625                           	psect	text3
   626   000998                     __ptext3:
   627                           	callstack 0
   628   000998                     _Lcd_Set_Cursor:
   629                           	callstack 28
   630                           
   631                           ;incstack = 0
   632                           ;Lcd_Set_Cursor@row stored from wreg
   633   000998  6E06               	movwf	Lcd_Set_Cursor@row^0,c
   634   00099A                     
   635                           ;PANTALLALCD.c: 89:     unsigned char pos;;PANTALLALCD.c: 90:     if(row == 1)
   636   00099A  0406               	decf	Lcd_Set_Cursor@row^0,w,c
   637   00099C  A4D8               	btfss	status,2,c
   638   00099E  EFD3  F004         	goto	u31
   639   0009A2  EFD5  F004         	goto	u30
   640   0009A6                     u31:
   641   0009A6  EFDA  F004         	goto	l812
   642   0009AA                     u30:
   643   0009AA                     
   644                           ;PANTALLALCD.c: 91:         pos = 0x80 + (column - 1);
   645   0009AA  5005               	movf	Lcd_Set_Cursor@column^0,w,c
   646   0009AC  0F7F               	addlw	127
   647   0009AE  6E07               	movwf	Lcd_Set_Cursor@pos^0,c
   648   0009B0  EFDD  F004         	goto	l814
   649   0009B4                     l812:
   650                           
   651                           ;PANTALLALCD.c: 93:         pos = 0xC0 + (column - 1);
   652   0009B4  5005               	movf	Lcd_Set_Cursor@column^0,w,c
   653   0009B6  0FBF               	addlw	191
   654   0009B8  6E07               	movwf	Lcd_Set_Cursor@pos^0,c
   655   0009BA                     l814:
   656                           
   657                           ;PANTALLALCD.c: 94:     Lcd_Cmd(pos);
   658   0009BA  5007               	movf	Lcd_Set_Cursor@pos^0,w,c
   659   0009BC  EC7F  F004         	call	_Lcd_Cmd
   660   0009C0  0012               	return		;funcret
   661   0009C2                     __end_of_Lcd_Set_Cursor:
   662                           	callstack 0
   663                           
   664 ;; *************** function _Lcd_Init *****************
   665 ;; Defined at:
   666 ;;		line 78 in file "PANTALLALCD.c"
   667 ;; Parameters:    Size  Location     Type
   668 ;;		None
   669 ;; Auto vars:     Size  Location     Type
   670 ;;		None
   671 ;; Return value:  Size  Location     Type
   672 ;;                  1    wreg      void 
   673 ;; Registers used:
   674 ;;		wreg, status,2, status,0, cstack
   675 ;; Tracked objects:
   676 ;;		On entry : 0/0
   677 ;;		On exit  : 0/0
   678 ;;		Unchanged: 0/0
   679 ;; Data sizes:     COMRAM   BANK0   BANK1   BANK2   BANK3   BANK4   BANK5   BANK6   BANK7
   680 ;;      Params:         0       0       0       0       0       0       0       0       0
   681 ;;      Locals:         0       0       0       0       0       0       0       0       0
   682 ;;      Temps:          1       0       0       0       0       0       0       0       0
   683 ;;      Totals:         1       0       0       0       0       0       0       0       0
   684 ;;Total ram usage:        1 bytes
   685 ;; Hardware stack levels used: 1
   686 ;; Hardware stack levels required when called: 2
   687 ;; This function calls:
   688 ;;		_Lcd_Cmd
   689 ;; This function is called by:
   690 ;;		_main
   691 ;; This function uses a non-reentrant model
   692 ;;
   693                           
   694                           	psect	text4
   695   0008C0                     __ptext4:
   696                           	callstack 0
   697   0008C0                     _Lcd_Init:
   698                           	callstack 28
   699   0008C0                     
   700                           ;PANTALLALCD.c: 79:     _delay((unsigned long)((20)*(8000000/4000.0)));
   701   0008C0  0E34               	movlw	52
   702   0008C2  6E05               	movwf	??_Lcd_Init^0,c
   703   0008C4  0EF2               	movlw	242
   704   0008C6                     u77:
   705   0008C6  2EE8               	decfsz	wreg,f,c
   706   0008C8  D7FE               	bra	u77
   707   0008CA  2E05               	decfsz	??_Lcd_Init^0,f,c
   708   0008CC  D7FC               	bra	u77
   709   0008CE                     
   710                           ;PANTALLALCD.c: 80:     Lcd_Cmd(0x02);
   711   0008CE  0E02               	movlw	2
   712   0008D0  EC7F  F004         	call	_Lcd_Cmd
   713   0008D4                     
   714                           ;PANTALLALCD.c: 81:     Lcd_Cmd(0x28);
   715   0008D4  0E28               	movlw	40
   716   0008D6  EC7F  F004         	call	_Lcd_Cmd
   717   0008DA                     
   718                           ;PANTALLALCD.c: 82:     Lcd_Cmd(0x0C);
   719   0008DA  0E0C               	movlw	12
   720   0008DC  EC7F  F004         	call	_Lcd_Cmd
   721   0008E0                     
   722                           ;PANTALLALCD.c: 83:     Lcd_Cmd(0x06);
   723   0008E0  0E06               	movlw	6
   724   0008E2  EC7F  F004         	call	_Lcd_Cmd
   725   0008E6                     
   726                           ;PANTALLALCD.c: 84:     Lcd_Cmd(0x01);
   727   0008E6  0E01               	movlw	1
   728   0008E8  EC7F  F004         	call	_Lcd_Cmd
   729   0008EC                     
   730                           ;PANTALLALCD.c: 85:     _delay((unsigned long)((2)*(8000000/4000.0)));
   731   0008EC  0E06               	movlw	6
   732   0008EE  6E05               	movwf	??_Lcd_Init^0,c
   733   0008F0  0E30               	movlw	48
   734   0008F2                     u87:
   735   0008F2  2EE8               	decfsz	wreg,f,c
   736   0008F4  D7FE               	bra	u87
   737   0008F6  2E05               	decfsz	??_Lcd_Init^0,f,c
   738   0008F8  D7FC               	bra	u87
   739   0008FA  D000               	nop2	
   740   0008FC  0012               	return		;funcret
   741   0008FE                     __end_of_Lcd_Init:
   742                           	callstack 0
   743                           
   744 ;; *************** function _Lcd_Cmd *****************
   745 ;; Defined at:
   746 ;;		line 62 in file "PANTALLALCD.c"
   747 ;; Parameters:    Size  Location     Type
   748 ;;  cmd             1    wreg     unsigned char 
   749 ;; Auto vars:     Size  Location     Type
   750 ;;  cmd             1    3[COMRAM] unsigned char 
   751 ;; Return value:  Size  Location     Type
   752 ;;                  1    wreg      void 
   753 ;; Registers used:
   754 ;;		wreg, status,2, status,0, cstack
   755 ;; Tracked objects:
   756 ;;		On entry : 0/0
   757 ;;		On exit  : 0/0
   758 ;;		Unchanged: 0/0
   759 ;; Data sizes:     COMRAM   BANK0   BANK1   BANK2   BANK3   BANK4   BANK5   BANK6   BANK7
   760 ;;      Params:         0       0       0       0       0       0       0       0       0
   761 ;;      Locals:         1       0       0       0       0       0       0       0       0
   762 ;;      Temps:          1       0       0       0       0       0       0       0       0
   763 ;;      Totals:         2       0       0       0       0       0       0       0       0
   764 ;;Total ram usage:        2 bytes
   765 ;; Hardware stack levels used: 1
   766 ;; Hardware stack levels required when called: 1
   767 ;; This function calls:
   768 ;;		_Lcd_Port
   769 ;; This function is called by:
   770 ;;		_Lcd_Init
   771 ;;		_Lcd_Set_Cursor
   772 ;;		_Lcd_Clear
   773 ;; This function uses a non-reentrant model
   774 ;;
   775                           
   776                           	psect	text5
   777   0008FE                     __ptext5:
   778                           	callstack 0
   779   0008FE                     _Lcd_Cmd:
   780                           	callstack 28
   781                           
   782                           ;incstack = 0
   783                           ;Lcd_Cmd@cmd stored from wreg
   784   0008FE  6E04               	movwf	Lcd_Cmd@cmd^0,c
   785   000900                     
   786                           ;PANTALLALCD.c: 63:     LATBbits.LATB0 = 0;
   787   000900  908A               	bcf	138,0,c	;volatile
   788   000902                     
   789                           ;PANTALLALCD.c: 64:     Lcd_Port(cmd >> 4);
   790   000902  3804               	swapf	Lcd_Cmd@cmd^0,w,c
   791   000904  0B0F               	andlw	15
   792   000906  EC07  F004         	call	_Lcd_Port
   793   00090A                     
   794                           ;PANTALLALCD.c: 65:     LATBbits.LATB1 = 1; _delay((unsigned long)((2)*(8000000/4000.0))
      +                          ); LATBbits.LATB1 = 0;
   795   00090A  828A               	bsf	138,1,c	;volatile
   796   00090C  0E06               	movlw	6
   797   00090E  6E03               	movwf	??_Lcd_Cmd^0,c
   798   000910  0E30               	movlw	48
   799   000912                     u97:
   800   000912  2EE8               	decfsz	wreg,f,c
   801   000914  D7FE               	bra	u97
   802   000916  2E03               	decfsz	??_Lcd_Cmd^0,f,c
   803   000918  D7FC               	bra	u97
   804   00091A  D000               	nop2	
   805   00091C  928A               	bcf	138,1,c	;volatile
   806   00091E                     
   807                           ;PANTALLALCD.c: 66:     Lcd_Port(cmd & 0x0F);
   808   00091E  5004               	movf	Lcd_Cmd@cmd^0,w,c
   809   000920  0B0F               	andlw	15
   810   000922  EC07  F004         	call	_Lcd_Port
   811   000926                     
   812                           ;PANTALLALCD.c: 67:     LATBbits.LATB1 = 1; _delay((unsigned long)((2)*(8000000/4000.0))
      +                          ); LATBbits.LATB1 = 0;
   813   000926  828A               	bsf	138,1,c	;volatile
   814   000928  0E06               	movlw	6
   815   00092A  6E03               	movwf	??_Lcd_Cmd^0,c
   816   00092C  0E30               	movlw	48
   817   00092E                     u107:
   818   00092E  2EE8               	decfsz	wreg,f,c
   819   000930  D7FE               	bra	u107
   820   000932  2E03               	decfsz	??_Lcd_Cmd^0,f,c
   821   000934  D7FC               	bra	u107
   822   000936  D000               	nop2	
   823   000938  928A               	bcf	138,1,c	;volatile
   824   00093A  0012               	return		;funcret
   825   00093C                     __end_of_Lcd_Cmd:
   826                           	callstack 0
   827                           
   828 ;; *************** function _Lcd_Port *****************
   829 ;; Defined at:
   830 ;;		line 55 in file "PANTALLALCD.c"
   831 ;; Parameters:    Size  Location     Type
   832 ;;  nibble          1    wreg     unsigned char 
   833 ;; Auto vars:     Size  Location     Type
   834 ;;  nibble          1    1[COMRAM] unsigned char 
   835 ;; Return value:  Size  Location     Type
   836 ;;                  1    wreg      void 
   837 ;; Registers used:
   838 ;;		wreg, status,2, status,0
   839 ;; Tracked objects:
   840 ;;		On entry : 0/0
   841 ;;		On exit  : 0/0
   842 ;;		Unchanged: 0/0
   843 ;; Data sizes:     COMRAM   BANK0   BANK1   BANK2   BANK3   BANK4   BANK5   BANK6   BANK7
   844 ;;      Params:         0       0       0       0       0       0       0       0       0
   845 ;;      Locals:         1       0       0       0       0       0       0       0       0
   846 ;;      Temps:          1       0       0       0       0       0       0       0       0
   847 ;;      Totals:         2       0       0       0       0       0       0       0       0
   848 ;;Total ram usage:        2 bytes
   849 ;; Hardware stack levels used: 1
   850 ;; This function calls:
   851 ;;		Nothing
   852 ;; This function is called by:
   853 ;;		_Lcd_Cmd
   854 ;;		_Lcd_Char
   855 ;; This function uses a non-reentrant model
   856 ;;
   857                           
   858                           	psect	text6
   859   00080E                     __ptext6:
   860                           	callstack 0
   861   00080E                     _Lcd_Port:
   862                           	callstack 28
   863                           
   864                           ;incstack = 0
   865                           ;Lcd_Port@nibble stored from wreg
   866   00080E  6E02               	movwf	Lcd_Port@nibble^0,c
   867   000810                     
   868                           ;PANTALLALCD.c: 56:     LATBbits.LATB4 = (nibble >> 0) & 0x01;
   869   000810  C002  F001         	movff	Lcd_Port@nibble,??_Lcd_Port
   870   000814  0E01               	movlw	1
   871   000816  1601               	andwf	??_Lcd_Port^0,f,c
   872   000818  3A01               	swapf	??_Lcd_Port^0,f,c
   873   00081A  508A               	movf	138,w,c	;volatile
   874   00081C  1801               	xorwf	??_Lcd_Port^0,w,c
   875   00081E  0BEF               	andlw	-17
   876   000820  1801               	xorwf	??_Lcd_Port^0,w,c
   877   000822  6E8A               	movwf	138,c	;volatile
   878                           
   879                           ;PANTALLALCD.c: 57:     LATBbits.LATB5 = (nibble >> 1) & 0x01;
   880   000824  C002  F001         	movff	Lcd_Port@nibble,??_Lcd_Port
   881   000828  90D8               	bcf	status,0,c
   882   00082A  3201               	rrcf	??_Lcd_Port^0,f,c
   883   00082C  0E01               	movlw	1
   884   00082E  1601               	andwf	??_Lcd_Port^0,f,c
   885   000830  3A01               	swapf	??_Lcd_Port^0,f,c
   886   000832  4601               	rlncf	??_Lcd_Port^0,f,c
   887   000834  508A               	movf	138,w,c	;volatile
   888   000836  1801               	xorwf	??_Lcd_Port^0,w,c
   889   000838  0BDF               	andlw	-33
   890   00083A  1801               	xorwf	??_Lcd_Port^0,w,c
   891   00083C  6E8A               	movwf	138,c	;volatile
   892                           
   893                           ;PANTALLALCD.c: 58:     LATBbits.LATB6 = (nibble >> 2) & 0x01;
   894   00083E  C002  F001         	movff	Lcd_Port@nibble,??_Lcd_Port
   895   000842  90D8               	bcf	status,0,c
   896   000844  3201               	rrcf	??_Lcd_Port^0,f,c
   897   000846  90D8               	bcf	status,0,c
   898   000848  3201               	rrcf	??_Lcd_Port^0,f,c
   899   00084A  0E01               	movlw	1
   900   00084C  1601               	andwf	??_Lcd_Port^0,f,c
   901   00084E  3A01               	swapf	??_Lcd_Port^0,f,c
   902   000850  4601               	rlncf	??_Lcd_Port^0,f,c
   903   000852  4601               	rlncf	??_Lcd_Port^0,f,c
   904   000854  508A               	movf	138,w,c	;volatile
   905   000856  1801               	xorwf	??_Lcd_Port^0,w,c
   906   000858  0BBF               	andlw	-65
   907   00085A  1801               	xorwf	??_Lcd_Port^0,w,c
   908   00085C  6E8A               	movwf	138,c	;volatile
   909                           
   910                           ;PANTALLALCD.c: 59:     LATBbits.LATB7 = (nibble >> 3) & 0x01;
   911   00085E  C002  F001         	movff	Lcd_Port@nibble,??_Lcd_Port
   912   000862  90D8               	bcf	status,0,c
   913   000864  3201               	rrcf	??_Lcd_Port^0,f,c
   914   000866  90D8               	bcf	status,0,c
   915   000868  3201               	rrcf	??_Lcd_Port^0,f,c
   916   00086A  90D8               	bcf	status,0,c
   917   00086C  3201               	rrcf	??_Lcd_Port^0,f,c
   918   00086E  0E01               	movlw	1
   919   000870  1601               	andwf	??_Lcd_Port^0,f,c
   920   000872  3201               	rrcf	??_Lcd_Port^0,f,c
   921   000874  3201               	rrcf	??_Lcd_Port^0,f,c
   922   000876  508A               	movf	138,w,c	;volatile
   923   000878  1801               	xorwf	??_Lcd_Port^0,w,c
   924   00087A  0B7F               	andlw	-129
   925   00087C  1801               	xorwf	??_Lcd_Port^0,w,c
   926   00087E  6E8A               	movwf	138,c	;volatile
   927   000880  0012               	return		;funcret
   928   000882                     __end_of_Lcd_Port:
   929                           	callstack 0
   930                           
   931                           	psect	rparam
   932   000001                     ___rparam_used  equ	1
   933   000000                     ___param_bank   equ	0
   934   000000                     __Lparam        equ	__Lrparam
   935   000000                     __Hparam        equ	__Hrparam
   936                           
   937                           	psect	config
   938                           
   939                           ;Config register CONFIG1L @ 0x300000
   940                           ;	unspecified, using default values
   941                           ;	PLL Prescaler Selection bits
   942                           ;	PLLDIV = 0x0, unprogrammed default
   943                           ;	System Clock Postscaler Selection bits
   944                           ;	CPUDIV = 0x0, unprogrammed default
   945                           ;	USB Clock Selection bit (used in Full-Speed USB mode only; UCFG:FSEN = 1)
   946                           ;	USBDIV = 0x0, unprogrammed default
   947   300000                     	org	3145728
   948   300000  00                 	db	0
   949                           
   950                           ;Config register CONFIG1H @ 0x300001
   951                           ;	Oscillator Selection bits
   952                           ;	FOSC = INTOSCIO_EC, Internal oscillator, port function on RA6, EC used by USB (INTIO)
   953                           ;	Fail-Safe Clock Monitor Enable bit
   954                           ;	FCMEN = 0x0, unprogrammed default
   955                           ;	Internal/External Oscillator Switchover bit
   956                           ;	IESO = 0x0, unprogrammed default
   957   300001                     	org	3145729
   958   300001  08                 	db	8
   959                           
   960                           ;Config register CONFIG2L @ 0x300002
   961                           ;	unspecified, using default values
   962                           ;	Power-up Timer Enable bit
   963                           ;	PWRT = 0x1, unprogrammed default
   964                           ;	Brown-out Reset Enable bits
   965                           ;	BOR = 0x3, unprogrammed default
   966                           ;	Brown-out Reset Voltage bits
   967                           ;	BORV = 0x3, unprogrammed default
   968                           ;	USB Voltage Regulator Enable bit
   969                           ;	VREGEN = 0x0, unprogrammed default
   970   300002                     	org	3145730
   971   300002  1F                 	db	31
   972                           
   973                           ;Config register CONFIG2H @ 0x300003
   974                           ;	Watchdog Timer Enable bit
   975                           ;	WDT = OFF, WDT disabled (control is placed on the SWDTEN bit)
   976                           ;	Watchdog Timer Postscale Select bits
   977                           ;	WDTPS = 0xF, unprogrammed default
   978   300003                     	org	3145731
   979   300003  1E                 	db	30
   980                           
   981                           ; Padding undefined space
   982   300004                     	org	3145732
   983   300004  FF                 	db	255
   984                           
   985                           ;Config register CONFIG3H @ 0x300005
   986                           ;	CCP2 MUX bit
   987                           ;	CCP2MX = 0x1, unprogrammed default
   988                           ;	PORTB A/D Enable bit
   989                           ;	PBADEN = OFF, PORTB<4:0> pins are configured as digital I/O on Reset
   990                           ;	Low-Power Timer 1 Oscillator Enable bit
   991                           ;	LPT1OSC = 0x0, unprogrammed default
   992                           ;	MCLR Pin Enable bit
   993                           ;	MCLRE = ON, MCLR pin enabled; RE3 input pin disabled
   994   300005                     	org	3145733
   995   300005  81                 	db	129
   996                           
   997                           ;Config register CONFIG4L @ 0x300006
   998                           ;	Stack Full/Underflow Reset Enable bit
   999                           ;	STVREN = 0x1, unprogrammed default
  1000                           ;	Single-Supply ICSP Enable bit
  1001                           ;	LVP = OFF, Single-Supply ICSP disabled
  1002                           ;	Dedicated In-Circuit Debug/Programming Port (ICPORT) Enable bit
  1003                           ;	ICPRT = 0x0, unprogrammed default
  1004                           ;	Extended Instruction Set Enable bit
  1005                           ;	XINST = 0x0, unprogrammed default
  1006                           ;	Background Debugger Enable bit
  1007                           ;	DEBUG = 0x1, unprogrammed default
  1008   300006                     	org	3145734
  1009   300006  81                 	db	129
  1010                           
  1011                           ; Padding undefined space
  1012   300007                     	org	3145735
  1013   300007  FF                 	db	255
  1014                           tosu	equ	0xFFF
  1015                           tosh	equ	0xFFE
  1016                           tosl	equ	0xFFD
  1017                           stkptr	equ	0xFFC
  1018                           pclatu	equ	0xFFB
  1019                           pclath	equ	0xFFA
  1020                           pcl	equ	0xFF9
  1021                           tblptru	equ	0xFF8
  1022                           tblptrh	equ	0xFF7
  1023                           tblptrl	equ	0xFF6
  1024                           tablat	equ	0xFF5
  1025                           prodh	equ	0xFF4
  1026                           prodl	equ	0xFF3
  1027                           indf0	equ	0xFEF
  1028                           postinc0	equ	0xFEE
  1029                           postdec0	equ	0xFED
  1030                           preinc0	equ	0xFEC
  1031                           plusw0	equ	0xFEB
  1032                           fsr0h	equ	0xFEA
  1033                           fsr0l	equ	0xFE9
  1034                           wreg	equ	0xFE8
  1035                           indf1	equ	0xFE7
  1036                           postinc1	equ	0xFE6
  1037                           postdec1	equ	0xFE5
  1038                           preinc1	equ	0xFE4
  1039                           plusw1	equ	0xFE3
  1040                           fsr1h	equ	0xFE2
  1041                           fsr1l	equ	0xFE1
  1042                           bsr	equ	0xFE0
  1043                           indf2	equ	0xFDF
  1044                           postinc2	equ	0xFDE
  1045                           postdec2	equ	0xFDD
  1046                           preinc2	equ	0xFDC
  1047                           plusw2	equ	0xFDB
  1048                           fsr2h	equ	0xFDA
  1049                           fsr2l	equ	0xFD9
  1050                           status	equ	0xFD8

Data Sizes:
    Strings     12
    Constant    0
    Data        0
    BSS         0
    Persistent  0
    Stack       0

Auto Spaces:
    Space          Size  Autos    Used
    COMRAM           95      7       7
    BANK0           160      0       0
    BANK1           256      0       0
    BANK2           256      0       0
    BANK3           256      0       0
    BANK4           256      0       0
    BANK5           256      0       0
    BANK6           256      0       0
    BANK7           256      0       0

Pointer List with Targets:

    Lcd_String@str	PTR const unsigned char  size(1) Largest target is 12
		 -> STR_1(CODE[12]), 


Critical Paths under _main in COMRAM

    _main->_Lcd_Set_Cursor
    _Lcd_String->_Lcd_Char
    _Lcd_Char->_Lcd_Port
    _Lcd_Set_Cursor->_Lcd_Cmd
    _Lcd_Init->_Lcd_Cmd
    _Lcd_Cmd->_Lcd_Port

Critical Paths under _main in BANK0

    None.

Critical Paths under _main in BANK1

    None.

Critical Paths under _main in BANK2

    None.

Critical Paths under _main in BANK3

    None.

Critical Paths under _main in BANK4

    None.

Critical Paths under _main in BANK5

    None.

Critical Paths under _main in BANK6

    None.

Critical Paths under _main in BANK7

    None.

Call Graph Tables:

 ---------------------------------------------------------------------------------
 (Depth) Function   	        Calls       Base Space   Used Autos Params    Refs
 ---------------------------------------------------------------------------------
 (0) _main                                                 0     0      0     414
                           _Lcd_Init
                     _Lcd_Set_Cursor
                         _Lcd_String
 ---------------------------------------------------------------------------------
 (1) _Lcd_String                                           1     0      1     136
                                              4 COMRAM     1     0      1
                           _Lcd_Char
 ---------------------------------------------------------------------------------
 (2) _Lcd_Char                                             2     2      0      90
                                              2 COMRAM     2     2      0
                           _Lcd_Port
 ---------------------------------------------------------------------------------
 (1) _Lcd_Set_Cursor                                       3     2      1     188
                                              4 COMRAM     3     2      1
                            _Lcd_Cmd
 ---------------------------------------------------------------------------------
 (1) _Lcd_Init                                             1     1      0      90
                                              4 COMRAM     1     1      0
                            _Lcd_Cmd
 ---------------------------------------------------------------------------------
 (2) _Lcd_Cmd                                              2     2      0      90
                                              2 COMRAM     2     2      0
                           _Lcd_Port
 ---------------------------------------------------------------------------------
 (3) _Lcd_Port                                             2     2      0      60
                                              0 COMRAM     2     2      0
 ---------------------------------------------------------------------------------
 Estimated maximum stack depth 3
 ---------------------------------------------------------------------------------

 Call Graph Graphs:

 _main (ROOT)
   _Lcd_Init
     _Lcd_Cmd
       _Lcd_Port
   _Lcd_Set_Cursor
     _Lcd_Cmd
   _Lcd_String
     _Lcd_Char
       _Lcd_Port

Address spaces:
Name               Size   Autos  Total    Usage
BITCOMRAM           95      0       0      0.0%
BITBANK0           160      0       0      0.0%
BITBANK1           256      0       0      0.0%
BITBANK2           256      0       0      0.0%
BITBANK3           256      0       0      0.0%
BITBANK4           256      0       0      0.0%
BITBANK5           256      0       0      0.0%
BITBANK6           256      0       0      0.0%
BITBANK7           256      0       0      0.0%
BITBIGSFRh         117      0       0      0.0%
BITBIGSFRl          42      0       0      0.0%
COMRAM              95      7       7      7.4%
BANK0              160      0       0      0.0%
BANK1              256      0       0      0.0%
BANK2              256      0       0      0.0%
BANK3              256      0       0      0.0%
BANK4              256      0       0      0.0%
BANK5              256      0       0      0.0%
BANK6              256      0       0      0.0%
BANK7              256      0       0      0.0%
BIGRAM            2047      0       0      0.0%
STACK                0      0       0      0.0%
DATA                 0      0       7      0.0%


Microchip Technology PIC18 Macro Assembler V3.00 build 20241204225717 
Symbol Table                                                                                   Mon Oct 20 17:15:42 2025

                     l21 0964                       l30 093A                       l22 0964  
                     l41 09C0                       l33 08BE                       l27 0880  
                     l36 08FC                       l47 0996                       u30 09AA  
                     u31 09A6                       u40 0996                       u41 0992  
                     u57 0896                       u67 08B2                       u77 08C6  
                     u87 08F2                       u97 0912                      l730 0902  
                    l810 09AA                      l740 0926                      l732 090A  
                    l812 09B4                      l820 097C                      l726 0810  
                    l742 0938                      l734 090C                      l814 09BA  
                    l750 0890                      l822 097E                      l830 094C  
                    l736 091C                      l728 0900                      l760 08C0  
                    l808 099A                      l752 08A0                      l744 0884  
                    l816 096C                      l832 094E                      l824 093C  
                    l738 091E                      l770 08E6                      l762 08CE  
                    l754 08A2                      l746 0886                      l818 0970  
                    l834 0952                      l826 0942                      l772 08EC  
                    l764 08D4                      l756 08AA                      l748 088E  
                    l836 095C                      l828 094A                      l766 08DA  
                    l758 08BC                      l768 08E0                      u107 092E  
                    wreg 0FE8                     STR_1 0801                     _LATB 0F8A  
                   _main 093C                     start 7FFC          __end_of_Lcd_Cmd 093C  
           ___param_bank 0000               _Lcd_String 096C                    ?_main 0001  
                  _TRISB 0F93                    tablat 0FF5                    status 0FD8  
       __end_of_Lcd_Char 08C0         __end_of_Lcd_Init 08FE         __end_of_Lcd_Port 0882  
        __initialization 09C2             __end_of_main 096C                   ??_main 0008  
          __activetblptr 0001           Lcd_Port@nibble 0002                ??_Lcd_Cmd 0003  
                 isa$std 0001              ?_Lcd_String 0005             __mediumconst 0800  
                 tblptrh 0FF7                   tblptrl 0FF6                   tblptru 0FF8  
             __accesstop 0060  __end_of__initialization 09C2            ___rparam_used 0001  
         __pcstackCOMRAM 0001           _Lcd_Set_Cursor 0998                ?_Lcd_Char 0001  
              ?_Lcd_Init 0001                ?_Lcd_Port 0001   __end_of_Lcd_Set_Cursor 09C2  
             ??_Lcd_Char 0003               ??_Lcd_Init 0005               ??_Lcd_Port 0001  
                _Lcd_Cmd 08FE                  __Hparam 0000                  __Lparam 0000  
           __psmallconst 0800                  __pcinit 09C2                  __ramtop 0800  
        ?_Lcd_Set_Cursor 0005                  __ptext0 093C                  __ptext1 096C  
                __ptext2 0882                  __ptext3 0998                  __ptext4 08C0  
                __ptext5 08FE                  __ptext6 080E     end_of_initialization 09C2  
           ??_Lcd_String 0006       __end_of_Lcd_String 0998      start_initialization 09C2  
          Lcd_String@str 0005                 ?_Lcd_Cmd 0001         ??_Lcd_Set_Cursor 0006  
            __smallconst 0800             Lcd_Char@data 0004                 _LATBbits 0F8A  
               _Lcd_Char 0882                 _Lcd_Init 08C0                 _Lcd_Port 080E  
   Lcd_Set_Cursor@column 0005                 __Hrparam 0000                 __Lrparam 0000  
           __Lsmallconst 0800                 isa$xinst 0000               Lcd_Cmd@cmd 0004  
             _OSCCONbits 0FD3        Lcd_Set_Cursor@pos 0007        Lcd_Set_Cursor@row 0006  
