

Microchip MPLAB XC8 Assembler V3.00 build 20241204225717 
                                                                                               Wed Oct 08 21:38:38 2025

Microchip MPLAB XC8 C Compiler v3.00 (Free license) build 20241204225717 Og1 
     1                           	processor	18F4550
     2                           	fnconf	rparam,??,?,0
     3                           	pagewidth 120
     4                           	opt	flic
     5                           	psect	idataCOMRAM,global,class=CODE,space=0,delta=1,noexec
     6                           	psect	cinit,global,reloc=2,class=CODE,space=0,delta=1
     7                           	psect	bssCOMRAM,global,class=COMRAM,space=1,delta=1,lowdata,noexec
     8                           	psect	dataCOMRAM,global,class=COMRAM,space=1,delta=1,lowdata,noexec
     9                           	psect	cstackCOMRAM,global,class=COMRAM,space=1,delta=1,lowdata,noexec
    10                           	psect	text0,global,reloc=2,class=CODE,space=0,delta=1
    11                           	psect	text1,global,reloc=2,class=CODE,space=0,delta=1
    12                           	psect	intcode,global,reloc=2,class=CODE,space=0,delta=1
    13                           	psect	intcode_body,global,reloc=2,class=CODE,space=0,delta=1
    14                           	psect	smallconst,global,reloc=2,class=SMALLCONST,space=0,delta=1,noexec
    15                           	psect	intsave_regs,global,class=BIGRAM,space=1,delta=1,noexec
    16                           	psect	rparam,global,class=COMRAM,space=1,delta=1,noexec
    17                           	psect	temp,global,ovrld,common,class=COMRAM,space=1,delta=1,lowdata
    18                           	psect	config,global,abs,ovrld,class=CONFIG,space=4,delta=1,noexec
    19   000000                     
    20                           ; Generated 17/01/2025 GMT
    21                           ; 
    22                           ; Copyright © 2025, Microchip Technology Inc. and its subsidiaries ("Microchip")
    23                           ; All rights reserved.
    24                           ; 
    25                           ; This software is developed by Microchip Technology Inc. and its subsidiaries ("Microch
      +                          ip").
    26                           ; 
    27                           ; Redistribution and use in source and binary forms, with or without modification, are
    28                           ; permitted provided that the following conditions are met:
    29                           ; 
    30                           ;     1. Redistributions of source code must retain the above copyright notice, this lis
      +                          t of
    31                           ;        conditions and the following disclaimer.
    32                           ; 
    33                           ;     2. Redistributions in binary form must reproduce the above copyright notice, this 
      +                          list
    34                           ;        of conditions and the following disclaimer in the documentation and/or other
    35                           ;        materials provided with the distribution. Publication is not required when
    36                           ;        this file is used in an embedded application.
    37                           ; 
    38                           ;     3. Microchip's name may not be used to endorse or promote products derived from th
      +                          is
    39                           ;        software without specific prior written permission.
    40                           ; 
    41                           ; THIS SOFTWARE IS PROVIDED BY MICROCHIP "AS IS" AND ANY EXPRESS OR IMPLIED WARRANTIES,
    42                           ; INCLUDING, BUT NOT LIMITED TO, THE IMPLIED WARRANTIES OF MERCHANTABILITY AND FITNESS F
      +                          OR
    43                           ; PURPOSE ARE DISCLAIMED.  IN NO EVENT SHALL MICROCHIP BE LIABLE FOR ANY DIRECT, INDIREC
      +                          T,
    44                           ; INCIDENTAL, SPECIAL, EXEMPLARY, OR CONSEQUENTIAL DAMAGES (INCLUDING BUT NOT LIMITED TO
    45                           ; PROCUREMENT OF SUBSTITUTE GOODS OR SERVICES; LOSS OF USE, DATA OR PROFITS; OR BUSINESS
    46                           ; INTERRUPTION) HOWSOEVER CAUSED AND ON ANY THEORY OF LIABILITY, WHETHER IN CONTRACT, ST
      +                          RICT
    47                           ; LIABILITY, OR TORT (INCLUDING NEGLIGENCE OR OTHERWISE) ARISING IN ANY WAY OUT OF THE U
      +                          SE OF
    48                           ; THIS SOFTWARE, EVEN IF ADVISED OF THE POSSIBILITY OF SUCH DAMAGE.
    49                           ; 
    50                           ; 
    51                           ; Code-generator required, PIC18F4550 Definitions
    52                           ; 
    53                           ; SFR Addresses
    54   000FE0                     bsr             equ	4064
    55   000FE9                     fsr0            equ	4073
    56   000FEA                     fsr0h           equ	4074
    57   000FE9                     fsr0l           equ	4073
    58   000FE1                     fsr1            equ	4065
    59   000FE2                     fsr1h           equ	4066
    60   000FE1                     fsr1l           equ	4065
    61   000FD9                     fsr2            equ	4057
    62   000FDA                     fsr2h           equ	4058
    63   000FD9                     fsr2l           equ	4057
    64   000FEF                     indf0           equ	4079
    65   000FE7                     indf1           equ	4071
    66   000FDF                     indf2           equ	4063
    67   000FF2                     intcon          equ	4082
    68   000000                     nvmcon          equ	0
    69   000FF9                     pcl             equ	4089
    70   000FFA                     pclath          equ	4090
    71   000FFB                     pclatu          equ	4091
    72   000FEB                     plusw0          equ	4075
    73   000FE3                     plusw1          equ	4067
    74   000FDB                     plusw2          equ	4059
    75   000FED                     postdec0        equ	4077
    76   000FE5                     postdec1        equ	4069
    77   000FDD                     postdec2        equ	4061
    78   000FEE                     postinc0        equ	4078
    79   000FE6                     postinc1        equ	4070
    80   000FDE                     postinc2        equ	4062
    81   000FEC                     preinc0         equ	4076
    82   000FE4                     preinc1         equ	4068
    83   000FDC                     preinc2         equ	4060
    84   000FF3                     prod            equ	4083
    85   000FF4                     prodh           equ	4084
    86   000FF3                     prodl           equ	4083
    87   000FD8                     status          equ	4056
    88   000FF5                     tablat          equ	4085
    89   000FF6                     tblptr          equ	4086
    90   000FF7                     tblptrh         equ	4087
    91   000FF6                     tblptrl         equ	4086
    92   000FF8                     tblptru         equ	4088
    93   000FFD                     tosl            equ	4093
    94   000FE8                     wreg            equ	4072
    95   000F62                     SPPDATA         equ	3938	;# 
    96   000F63                     SPPCFG          equ	3939	;# 
    97   000F64                     SPPEPS          equ	3940	;# 
    98   000F65                     SPPCON          equ	3941	;# 
    99   000F66                     UFRM            equ	3942	;# 
   100   000F66                     UFRML           equ	3942	;# 
   101   000F67                     UFRMH           equ	3943	;# 
   102   000F68                     UIR             equ	3944	;# 
   103   000F69                     UIE             equ	3945	;# 
   104   000F6A                     UEIR            equ	3946	;# 
   105   000F6B                     UEIE            equ	3947	;# 
   106   000F6C                     USTAT           equ	3948	;# 
   107   000F6D                     UCON            equ	3949	;# 
   108   000F6E                     UADDR           equ	3950	;# 
   109   000F6F                     UCFG            equ	3951	;# 
   110   000F70                     UEP0            equ	3952	;# 
   111   000F71                     UEP1            equ	3953	;# 
   112   000F72                     UEP2            equ	3954	;# 
   113   000F73                     UEP3            equ	3955	;# 
   114   000F74                     UEP4            equ	3956	;# 
   115   000F75                     UEP5            equ	3957	;# 
   116   000F76                     UEP6            equ	3958	;# 
   117   000F77                     UEP7            equ	3959	;# 
   118   000F78                     UEP8            equ	3960	;# 
   119   000F79                     UEP9            equ	3961	;# 
   120   000F7A                     UEP10           equ	3962	;# 
   121   000F7B                     UEP11           equ	3963	;# 
   122   000F7C                     UEP12           equ	3964	;# 
   123   000F7D                     UEP13           equ	3965	;# 
   124   000F7E                     UEP14           equ	3966	;# 
   125   000F7F                     UEP15           equ	3967	;# 
   126   000F80                     PORTA           equ	3968	;# 
   127   000F81                     PORTB           equ	3969	;# 
   128   000F82                     PORTC           equ	3970	;# 
   129   000F83                     PORTD           equ	3971	;# 
   130   000F84                     PORTE           equ	3972	;# 
   131   000F89                     LATA            equ	3977	;# 
   132   000F8A                     LATB            equ	3978	;# 
   133   000F8B                     LATC            equ	3979	;# 
   134   000F8C                     LATD            equ	3980	;# 
   135   000F8D                     LATE            equ	3981	;# 
   136   000F92                     TRISA           equ	3986	;# 
   137   000F92                     DDRA            equ	3986	;# 
   138   000F93                     TRISB           equ	3987	;# 
   139   000F93                     DDRB            equ	3987	;# 
   140   000F94                     TRISC           equ	3988	;# 
   141   000F94                     DDRC            equ	3988	;# 
   142   000F95                     TRISD           equ	3989	;# 
   143   000F95                     DDRD            equ	3989	;# 
   144   000F96                     TRISE           equ	3990	;# 
   145   000F96                     DDRE            equ	3990	;# 
   146   000F9B                     OSCTUNE         equ	3995	;# 
   147   000F9D                     PIE1            equ	3997	;# 
   148   000F9E                     PIR1            equ	3998	;# 
   149   000F9F                     IPR1            equ	3999	;# 
   150   000FA0                     PIE2            equ	4000	;# 
   151   000FA1                     PIR2            equ	4001	;# 
   152   000FA2                     IPR2            equ	4002	;# 
   153   000FA6                     EECON1          equ	4006	;# 
   154   000FA7                     EECON2          equ	4007	;# 
   155   000FA8                     EEDATA          equ	4008	;# 
   156   000FA9                     EEADR           equ	4009	;# 
   157   000FAB                     RCSTA           equ	4011	;# 
   158   000FAB                     RCSTA1          equ	4011	;# 
   159   000FAC                     TXSTA           equ	4012	;# 
   160   000FAC                     TXSTA1          equ	4012	;# 
   161   000FAD                     TXREG           equ	4013	;# 
   162   000FAD                     TXREG1          equ	4013	;# 
   163   000FAE                     RCREG           equ	4014	;# 
   164   000FAE                     RCREG1          equ	4014	;# 
   165   000FAF                     SPBRG           equ	4015	;# 
   166   000FAF                     SPBRG1          equ	4015	;# 
   167   000FB0                     SPBRGH          equ	4016	;# 
   168   000FB1                     T3CON           equ	4017	;# 
   169   000FB2                     TMR3            equ	4018	;# 
   170   000FB2                     TMR3L           equ	4018	;# 
   171   000FB3                     TMR3H           equ	4019	;# 
   172   000FB4                     CMCON           equ	4020	;# 
   173   000FB5                     CVRCON          equ	4021	;# 
   174   000FB6                     ECCP1AS         equ	4022	;# 
   175   000FB6                     CCP1AS          equ	4022	;# 
   176   000FB7                     ECCP1DEL        equ	4023	;# 
   177   000FB7                     CCP1DEL         equ	4023	;# 
   178   000FB8                     BAUDCON         equ	4024	;# 
   179   000FB8                     BAUDCTL         equ	4024	;# 
   180   000FBA                     CCP2CON         equ	4026	;# 
   181   000FBB                     CCPR2           equ	4027	;# 
   182   000FBB                     CCPR2L          equ	4027	;# 
   183   000FBC                     CCPR2H          equ	4028	;# 
   184   000FBD                     CCP1CON         equ	4029	;# 
   185   000FBD                     ECCP1CON        equ	4029	;# 
   186   000FBE                     CCPR1           equ	4030	;# 
   187   000FBE                     CCPR1L          equ	4030	;# 
   188   000FBF                     CCPR1H          equ	4031	;# 
   189   000FC0                     ADCON2          equ	4032	;# 
   190   000FC1                     ADCON1          equ	4033	;# 
   191   000FC2                     ADCON0          equ	4034	;# 
   192   000FC3                     ADRES           equ	4035	;# 
   193   000FC3                     ADRESL          equ	4035	;# 
   194   000FC4                     ADRESH          equ	4036	;# 
   195   000FC5                     SSPCON2         equ	4037	;# 
   196   000FC6                     SSPCON1         equ	4038	;# 
   197   000FC7                     SSPSTAT         equ	4039	;# 
   198   000FC8                     SSPADD          equ	4040	;# 
   199   000FC9                     SSPBUF          equ	4041	;# 
   200   000FCA                     T2CON           equ	4042	;# 
   201   000FCB                     PR2             equ	4043	;# 
   202   000FCB                     MEMCON          equ	4043	;# 
   203   000FCC                     TMR2            equ	4044	;# 
   204   000FCD                     T1CON           equ	4045	;# 
   205   000FCE                     TMR1            equ	4046	;# 
   206   000FCE                     TMR1L           equ	4046	;# 
   207   000FCF                     TMR1H           equ	4047	;# 
   208   000FD0                     RCON            equ	4048	;# 
   209   000FD1                     WDTCON          equ	4049	;# 
   210   000FD2                     HLVDCON         equ	4050	;# 
   211   000FD2                     LVDCON          equ	4050	;# 
   212   000FD3                     OSCCON          equ	4051	;# 
   213   000FD5                     T0CON           equ	4053	;# 
   214   000FD6                     TMR0            equ	4054	;# 
   215   000FD6                     TMR0L           equ	4054	;# 
   216   000FD7                     TMR0H           equ	4055	;# 
   217   000FD8                     STATUS          equ	4056	;# 
   218   000FD9                     FSR2            equ	4057	;# 
   219   000FD9                     FSR2L           equ	4057	;# 
   220   000FDA                     FSR2H           equ	4058	;# 
   221   000FDB                     PLUSW2          equ	4059	;# 
   222   000FDC                     PREINC2         equ	4060	;# 
   223   000FDD                     POSTDEC2        equ	4061	;# 
   224   000FDE                     POSTINC2        equ	4062	;# 
   225   000FDF                     INDF2           equ	4063	;# 
   226   000FE0                     BSR             equ	4064	;# 
   227   000FE1                     FSR1            equ	4065	;# 
   228   000FE1                     FSR1L           equ	4065	;# 
   229   000FE2                     FSR1H           equ	4066	;# 
   230   000FE3                     PLUSW1          equ	4067	;# 
   231   000FE4                     PREINC1         equ	4068	;# 
   232   000FE5                     POSTDEC1        equ	4069	;# 
   233   000FE6                     POSTINC1        equ	4070	;# 
   234   000FE7                     INDF1           equ	4071	;# 
   235   000FE8                     WREG            equ	4072	;# 
   236   000FE9                     FSR0            equ	4073	;# 
   237   000FE9                     FSR0L           equ	4073	;# 
   238   000FEA                     FSR0H           equ	4074	;# 
   239   000FEB                     PLUSW0          equ	4075	;# 
   240   000FEC                     PREINC0         equ	4076	;# 
   241   000FED                     POSTDEC0        equ	4077	;# 
   242   000FEE                     POSTINC0        equ	4078	;# 
   243   000FEF                     INDF0           equ	4079	;# 
   244   000FF0                     INTCON3         equ	4080	;# 
   245   000FF1                     INTCON2         equ	4081	;# 
   246   000FF2                     INTCON          equ	4082	;# 
   247   000FF3                     PROD            equ	4083	;# 
   248   000FF3                     PRODL           equ	4083	;# 
   249   000FF4                     PRODH           equ	4084	;# 
   250   000FF5                     TABLAT          equ	4085	;# 
   251   000FF6                     TBLPTR          equ	4086	;# 
   252   000FF6                     TBLPTRL         equ	4086	;# 
   253   000FF7                     TBLPTRH         equ	4087	;# 
   254   000FF8                     TBLPTRU         equ	4088	;# 
   255   000FF9                     PCLAT           equ	4089	;# 
   256   000FF9                     PC              equ	4089	;# 
   257   000FF9                     PCL             equ	4089	;# 
   258   000FFA                     PCLATH          equ	4090	;# 
   259   000FFB                     PCLATU          equ	4091	;# 
   260   000FFC                     STKPTR          equ	4092	;# 
   261   000FFD                     TOS             equ	4093	;# 
   262   000FFD                     TOSL            equ	4093	;# 
   263   000FFE                     TOSH            equ	4094	;# 
   264   000FFF                     TOSU            equ	4095	;# 
   265                           
   266                           	psect	idataCOMRAM
   267   000A38                     __pidataCOMRAM:
   268                           	callstack 0
   269                           
   270                           ;initializer for _velocidad
   271   000A38  01F4               	dw	500
   272   000FF1                     _INTCON2bits    set	4081
   273   000F93                     _TRISBbits      set	3987
   274   000F8C                     _LATD           set	3980
   275   000F95                     _TRISD          set	3989
   276   000FC1                     _ADCON1         set	4033
   277   000FD3                     _OSCCONbits     set	4051
   278   000FF0                     _INTCON3bits    set	4080
   279   000FF2                     _INTCONbits     set	4082
   280                           
   281                           ; #config settings
   282                           
   283                           	psect	cinit
   284   000A12                     __pcinit:
   285                           	callstack 0
   286   000A12                     start_initialization:
   287                           	callstack 0
   288   000A12                     __initialization:
   289                           	callstack 0
   290                           
   291                           ; Initialize objects allocated to COMRAM (2 bytes)
   292                           ; load TBLPTR registers with __pidataCOMRAM
   293   000A12  0E38               	movlw	low __pidataCOMRAM
   294   000A14  6EF6               	movwf	tblptrl,c
   295   000A16  0E0A               	movlw	high __pidataCOMRAM
   296   000A18  6EF7               	movwf	tblptrh,c
   297   000A1A  0E00               	movlw	low (__pidataCOMRAM shr (0+16))
   298   000A1C  6EF8               	movwf	tblptru,c
   299   000A1E  0009               	tblrd		*+	;fetch initializer
   300   000A20  CFF5 F006          	movff	tablat,__pdataCOMRAM
   301   000A24  0009               	tblrd		*+	;fetch initializer
   302   000A26  CFF5 F007          	movff	tablat,__pdataCOMRAM+1
   303                           
   304                           ; Clear objects allocated to COMRAM (2 bytes)
   305   000A2A  6A05               	clrf	(__pbssCOMRAM+1)& (0+255),c
   306   000A2C  6A04               	clrf	__pbssCOMRAM& (0+255),c
   307   000A2E                     end_of_initialization:
   308                           	callstack 0
   309   000A2E                     __end_of__initialization:
   310                           	callstack 0
   311   000A2E  9008               	bcf	int$flags,0,c	;clear compiler interrupt flag (level 1)
   312   000A30  9208               	bcf	int$flags,1,c	;clear compiler interrupt flag (level 2)
   313   000A32  0100               	movlb	0
   314   000A34  EF01  F004         	goto	_main	;jump to C main() function
   315                           
   316                           	psect	bssCOMRAM
   317   000004                     __pbssCOMRAM:
   318                           	callstack 0
   319   000004                     _modo:
   320                           	callstack 0
   321   000004                     	ds	1
   322   000005                     _secuencia:
   323                           	callstack 0
   324   000005                     	ds	1
   325                           
   326                           	psect	dataCOMRAM
   327   000006                     __pdataCOMRAM:
   328                           	callstack 0
   329   000006                     _velocidad:
   330                           	callstack 0
   331   000006                     	ds	2
   332                           
   333                           	psect	cstackCOMRAM
   334   000001                     __pcstackCOMRAM:
   335                           	callstack 0
   336   000001                     delay_ms@tiempo:
   337                           	callstack 0
   338   000001                     
   339                           ; 1 bytes @ 0x0
   340   000001                     	ds	2
   341   000003                     ??_delay_ms:
   342                           
   343                           ; 1 bytes @ 0x2
   344   000003                     	ds	1
   345   000004                     
   346                           ; 1 bytes @ 0x3
   347 ;;
   348 ;;Main: autosize = 0, tempsize = 0, incstack = 0, save=0
   349 ;;
   350 ;; *************** function _main *****************
   351 ;; Defined at:
   352 ;;		line 53 in file "LEDINTERRUPCIONES.c"
   353 ;; Parameters:    Size  Location     Type
   354 ;;		None
   355 ;; Auto vars:     Size  Location     Type
   356 ;;		None
   357 ;; Return value:  Size  Location     Type
   358 ;;                  1    wreg      void 
   359 ;; Registers used:
   360 ;;		wreg, status,2, status,0, cstack
   361 ;; Tracked objects:
   362 ;;		On entry : 0/0
   363 ;;		On exit  : 0/0
   364 ;;		Unchanged: 0/0
   365 ;; Data sizes:     COMRAM   BANK0   BANK1   BANK2   BANK3   BANK4   BANK5   BANK6   BANK7
   366 ;;      Params:         0       0       0       0       0       0       0       0       0
   367 ;;      Locals:         0       0       0       0       0       0       0       0       0
   368 ;;      Temps:          0       0       0       0       0       0       0       0       0
   369 ;;      Totals:         0       0       0       0       0       0       0       0       0
   370 ;;Total ram usage:        0 bytes
   371 ;; Hardware stack levels required when called: 2
   372 ;; This function calls:
   373 ;;		_delay_ms
   374 ;; This function is called by:
   375 ;;		Startup code after reset
   376 ;; This function uses a non-reentrant model
   377 ;;
   378                           
   379                           	psect	text0
   380   000802                     __ptext0:
   381                           	callstack 0
   382   000802                     _main:
   383                           	callstack 29
   384   000802                     
   385                           ;LEDINTERRUPCIONES.c: 55:     INTCONbits.INT0IF = 0;
   386   000802  0E70               	movlw	112
   387   000804  12D3               	iorwf	211,f,c	;volatile
   388                           
   389                           ;LEDINTERRUPCIONES.c: 56:     INTCONbits.INT0IE = 1;
   390   000806  50D3               	movf	211,w,c	;volatile
   391   000808  0BFC               	andlw	-4
   392   00080A  0902               	iorlw	2
   393   00080C  6ED3               	movwf	211,c	;volatile
   394                           
   395                           ;LEDINTERRUPCIONES.c: 57: 
   396   00080E  0E0F               	movlw	15
   397   000810  6EC1               	movwf	193,c	;volatile
   398                           
   399                           ;LEDINTERRUPCIONES.c: 60:     INTCON3bits.INT1IE = 1;
   400   000812  0EF0               	movlw	240
   401   000814  6E95               	movwf	149,c	;volatile
   402   000816                     
   403                           ;LEDINTERRUPCIONES.c: 61: 
   404   000816  6A8C               	clrf	140,c	;volatile
   405   000818                     
   406                           ;LEDINTERRUPCIONES.c: 64: 
   407   000818  8093               	bsf	147,0,c	;volatile
   408   00081A                     
   409                           ;LEDINTERRUPCIONES.c: 65:     while (1) {
   410   00081A  8293               	bsf	147,1,c	;volatile
   411   00081C                     
   412                           ;LEDINTERRUPCIONES.c: 66:         if(secuencia==0){
   413   00081C  8EF1               	bsf	241,7,c	;volatile
   414   00081E                     
   415                           ;LEDINTERRUPCIONES.c: 69:             LATD=0b0100;delay_ms(velocidad);
   416   00081E  9CF1               	bcf	241,6,c	;volatile
   417   000820                     
   418                           ;LEDINTERRUPCIONES.c: 70:             LATD=0b1000;delay_ms(velocidad);
   419   000820  92F2               	bcf	242,1,c	;volatile
   420   000822                     
   421                           ;LEDINTERRUPCIONES.c: 71:         }
   422   000822  88F2               	bsf	242,4,c	;volatile
   423   000824                     
   424                           ;LEDINTERRUPCIONES.c: 73:         else if(secuencia==1){
   425   000824  9AF1               	bcf	241,5,c	;volatile
   426   000826                     
   427                           ;LEDINTERRUPCIONES.c: 74:             LATD=0b0001;delay_ms(velocidad);
   428   000826  90F0               	bcf	240,0,c	;volatile
   429   000828                     
   430                           ;LEDINTERRUPCIONES.c: 75:             LATD=0b0010;delay_ms(velocidad);
   431   000828  86F0               	bsf	240,3,c	;volatile
   432   00082A                     
   433                           ;LEDINTERRUPCIONES.c: 77:             LATD=0b1000;delay_ms(velocidad);
   434   00082A  8EF2               	bsf	242,7,c	;volatile
   435   00082C                     l50:
   436                           
   437                           ;LEDINTERRUPCIONES.c: 81:         else if(secuencia==2){
   438   00082C  5005               	movf	_secuencia^0,w,c	;volatile
   439   00082E  A4D8               	btfss	status,2,c
   440   000830  EF1C  F004         	goto	u131
   441   000834  EF1E  F004         	goto	u130
   442   000838                     u131:
   443   000838  EF40  F004         	goto	l885
   444   00083C                     u130:
   445   00083C                     
   446                           ;LEDINTERRUPCIONES.c: 82:             LATD=0b0101;delay_ms(velocidad);
   447   00083C  0E01               	movlw	1
   448   00083E  6E8C               	movwf	140,c	;volatile
   449   000840  C006  F001         	movff	_velocidad,delay_ms@tiempo	;volatile
   450   000844  C007  F002         	movff	_velocidad+1,delay_ms@tiempo+1	;volatile
   451   000848  ECF2  F004         	call	_delay_ms	;wreg free
   452   00084C                     
   453                           ;LEDINTERRUPCIONES.c: 83:             LATD=0b1010;delay_ms(velocidad);
   454   00084C  0E02               	movlw	2
   455   00084E  6E8C               	movwf	140,c	;volatile
   456   000850  C006  F001         	movff	_velocidad,delay_ms@tiempo	;volatile
   457   000854  C007  F002         	movff	_velocidad+1,delay_ms@tiempo+1	;volatile
   458   000858  ECF2  F004         	call	_delay_ms	;wreg free
   459   00085C                     
   460                           ;LEDINTERRUPCIONES.c: 84:         }
   461   00085C  0E04               	movlw	4
   462   00085E  6E8C               	movwf	140,c	;volatile
   463   000860  C006  F001         	movff	_velocidad,delay_ms@tiempo	;volatile
   464   000864  C007  F002         	movff	_velocidad+1,delay_ms@tiempo+1	;volatile
   465   000868  ECF2  F004         	call	_delay_ms	;wreg free
   466                           
   467                           ;LEDINTERRUPCIONES.c: 85: 
   468   00086C  0E08               	movlw	8
   469   00086E  6E8C               	movwf	140,c	;volatile
   470   000870                     l883:
   471   000870  C006  F001         	movff	_velocidad,delay_ms@tiempo	;volatile
   472   000874  C007  F002         	movff	_velocidad+1,delay_ms@tiempo+1	;volatile
   473   000878  ECF2  F004         	call	_delay_ms	;wreg free
   474                           
   475                           ;LEDINTERRUPCIONES.c: 86:         else{
   476   00087C  EF16  F004         	goto	l50
   477   000880                     l885:
   478   000880  0405               	decf	_secuencia^0,w,c	;volatile
   479   000882  A4D8               	btfss	status,2,c
   480   000884  EF46  F004         	goto	u141
   481   000888  EF48  F004         	goto	u140
   482   00088C                     u141:
   483   00088C  EF74  F004         	goto	l905
   484   000890                     u140:
   485   000890                     
   486                           ;LEDINTERRUPCIONES.c: 89:         }
   487   000890  0E01               	movlw	1
   488   000892  6E8C               	movwf	140,c	;volatile
   489   000894  C006  F001         	movff	_velocidad,delay_ms@tiempo	;volatile
   490   000898  C007  F002         	movff	_velocidad+1,delay_ms@tiempo+1	;volatile
   491   00089C  ECF2  F004         	call	_delay_ms	;wreg free
   492   0008A0                     
   493                           ;LEDINTERRUPCIONES.c: 90:     }
   494   0008A0  0E02               	movlw	2
   495   0008A2  6E8C               	movwf	140,c	;volatile
   496   0008A4  C006  F001         	movff	_velocidad,delay_ms@tiempo	;volatile
   497   0008A8  C007  F002         	movff	_velocidad+1,delay_ms@tiempo+1	;volatile
   498   0008AC  ECF2  F004         	call	_delay_ms	;wreg free
   499   0008B0                     
   500                           ;LEDINTERRUPCIONES.c: 91: }
   501   0008B0  0E04               	movlw	4
   502   0008B2  6E8C               	movwf	140,c	;volatile
   503   0008B4  C006  F001         	movff	_velocidad,delay_ms@tiempo	;volatile
   504   0008B8  C007  F002         	movff	_velocidad+1,delay_ms@tiempo+1	;volatile
   505   0008BC  ECF2  F004         	call	_delay_ms	;wreg free
   506   0008C0  0E08               	movlw	8
   507   0008C2  6E8C               	movwf	140,c	;volatile
   508   0008C4  C006  F001         	movff	_velocidad,delay_ms@tiempo	;volatile
   509   0008C8  C007  F002         	movff	_velocidad+1,delay_ms@tiempo+1	;volatile
   510   0008CC  ECF2  F004         	call	_delay_ms	;wreg free
   511   0008D0  0E04               	movlw	4
   512   0008D2  6E8C               	movwf	140,c	;volatile
   513   0008D4  C006  F001         	movff	_velocidad,delay_ms@tiempo	;volatile
   514   0008D8  C007  F002         	movff	_velocidad+1,delay_ms@tiempo+1	;volatile
   515   0008DC  ECF2  F004         	call	_delay_ms	;wreg free
   516   0008E0  0E02               	movlw	2
   517   0008E2  6E8C               	movwf	140,c	;volatile
   518   0008E4  EF38  F004         	goto	l883
   519   0008E8                     l905:
   520   0008E8  0E02               	movlw	2
   521   0008EA  1805               	xorwf	_secuencia^0,w,c	;volatile
   522   0008EC  A4D8               	btfss	status,2,c
   523   0008EE  EF7B  F004         	goto	u151
   524   0008F2  EF7D  F004         	goto	u150
   525   0008F6                     u151:
   526   0008F6  EF8F  F004         	goto	l913
   527   0008FA                     u150:
   528   0008FA  0E05               	movlw	5
   529   0008FC  6E8C               	movwf	140,c	;volatile
   530   0008FE  C006  F001         	movff	_velocidad,delay_ms@tiempo	;volatile
   531   000902  C007  F002         	movff	_velocidad+1,delay_ms@tiempo+1	;volatile
   532   000906  ECF2  F004         	call	_delay_ms	;wreg free
   533   00090A  0E0A               	movlw	10
   534   00090C  6E8C               	movwf	140,c	;volatile
   535   00090E  C006  F001         	movff	_velocidad,delay_ms@tiempo	;volatile
   536   000912  C007  F002         	movff	_velocidad+1,delay_ms@tiempo+1	;volatile
   537   000916  ECF2  F004         	call	_delay_ms	;wreg free
   538   00091A  EF16  F004         	goto	l50
   539   00091E                     l913:
   540   00091E  0E0F               	movlw	15
   541   000920  6E8C               	movwf	140,c	;volatile
   542   000922  C006  F001         	movff	_velocidad,delay_ms@tiempo	;volatile
   543   000926  C007  F002         	movff	_velocidad+1,delay_ms@tiempo+1	;volatile
   544   00092A  ECF2  F004         	call	_delay_ms	;wreg free
   545   00092E  6A8C               	clrf	140,c	;volatile
   546   000930  EF38  F004         	goto	l883
   547   000934  EF07  F000         	goto	start
   548   000938                     __end_of_main:
   549                           	callstack 0
   550                           
   551 ;; *************** function _delay_ms *****************
   552 ;; Defined at:
   553 ;;		line 24 in file "LEDINTERRUPCIONES.c"
   554 ;; Parameters:    Size  Location     Type
   555 ;;  tiempo          2    0[COMRAM] unsigned int 
   556 ;; Auto vars:     Size  Location     Type
   557 ;;		None
   558 ;; Return value:  Size  Location     Type
   559 ;;                  1    wreg      void 
   560 ;; Registers used:
   561 ;;		wreg, status,2, status,0
   562 ;; Tracked objects:
   563 ;;		On entry : 0/0
   564 ;;		On exit  : 0/0
   565 ;;		Unchanged: 0/0
   566 ;; Data sizes:     COMRAM   BANK0   BANK1   BANK2   BANK3   BANK4   BANK5   BANK6   BANK7
   567 ;;      Params:         2       0       0       0       0       0       0       0       0
   568 ;;      Locals:         0       0       0       0       0       0       0       0       0
   569 ;;      Temps:          1       0       0       0       0       0       0       0       0
   570 ;;      Totals:         3       0       0       0       0       0       0       0       0
   571 ;;Total ram usage:        3 bytes
   572 ;; Hardware stack levels used: 1
   573 ;; Hardware stack levels required when called: 1
   574 ;; This function calls:
   575 ;;		Nothing
   576 ;; This function is called by:
   577 ;;		_main
   578 ;; This function uses a non-reentrant model
   579 ;;
   580                           
   581                           	psect	text1
   582   0009E4                     __ptext1:
   583                           	callstack 0
   584   0009E4                     _delay_ms:
   585                           	callstack 29
   586   0009E4                     
   587                           ;LEDINTERRUPCIONES.c: 25:     modo++;
   588   0009E4  EFFB  F004         	goto	l847
   589   0009E8                     l845:
   590   0009E8  0E03               	movlw	3
   591   0009EA  6E03               	movwf	??_delay_ms^0,c
   592   0009EC  0E98               	movlw	152
   593   0009EE                     u167:
   594   0009EE  2EE8               	decfsz	wreg,f,c
   595   0009F0  D7FE               	bra	u167
   596   0009F2  2E03               	decfsz	??_delay_ms^0,f,c
   597   0009F4  D7FC               	bra	u167
   598   0009F6                     l847:
   599   0009F6  0601               	decf	delay_ms@tiempo^0,f,c
   600   0009F8  A0D8               	btfss	status,0,c
   601   0009FA  0602               	decf	(delay_ms@tiempo+1)^0,f,c
   602   0009FC  2801               	incf	delay_ms@tiempo^0,w,c
   603   0009FE  E106               	bnz	u121
   604   000A00  2802               	incf	(delay_ms@tiempo+1)^0,w,c
   605   000A02  A4D8               	btfss	status,2,c
   606   000A04  EF06  F005         	goto	u121
   607   000A08  EF08  F005         	goto	u120
   608   000A0C                     u121:
   609   000A0C  EFF4  F004         	goto	l845
   610   000A10                     u120:
   611   000A10  0012               	return		;funcret
   612   000A12                     __end_of_delay_ms:
   613                           	callstack 0
   614                           
   615 ;; *************** function _ISR *****************
   616 ;; Defined at:
   617 ;;		line 29 in file "LEDINTERRUPCIONES.c"
   618 ;; Parameters:    Size  Location     Type
   619 ;;		None
   620 ;; Auto vars:     Size  Location     Type
   621 ;;		None
   622 ;; Return value:  Size  Location     Type
   623 ;;                  1    wreg      void 
   624 ;; Registers used:
   625 ;;		wreg, status,2, status,0
   626 ;; Tracked objects:
   627 ;;		On entry : 0/0
   628 ;;		On exit  : 0/0
   629 ;;		Unchanged: 0/0
   630 ;; Data sizes:     COMRAM   BANK0   BANK1   BANK2   BANK3   BANK4   BANK5   BANK6   BANK7
   631 ;;      Params:         0       0       0       0       0       0       0       0       0
   632 ;;      Locals:         0       0       0       0       0       0       0       0       0
   633 ;;      Temps:          0       0       0       0       0       0       0       0       0
   634 ;;      Totals:         0       0       0       0       0       0       0       0       0
   635 ;;Total ram usage:        0 bytes
   636 ;; Hardware stack levels used: 1
   637 ;; This function calls:
   638 ;;		Nothing
   639 ;; This function is called by:
   640 ;;		Interrupt level 2
   641 ;; This function uses a non-reentrant model
   642 ;;
   643                           
   644                           	psect	intcode
   645   000008                     __pintcode:
   646                           	callstack 0
   647   000008                     _ISR:
   648                           	callstack 29
   649                           
   650                           ;incstack = 0
   651   000008  8208               	bsf	int$flags,1,c	;set compiler interrupt flag (level 2)
   652   00000A  ED9C  F004         	call	int_func,f	;refresh shadow registers
   653                           
   654                           	psect	intcode_body
   655   000938                     __pintcode_body:
   656                           	callstack 29
   657   000938                     int_func:
   658                           	callstack 29
   659   000938  0006               	pop		; remove dummy address from shadow register refresh
   660   00093A                     
   661                           ;LEDINTERRUPCIONES.c: 32:     else velocidad=100;
   662   00093A  A2F2               	btfss	242,1,c	;volatile
   663   00093C  EFA2  F004         	goto	i2u2_41
   664   000940  EFA4  F004         	goto	i2u2_40
   665   000944                     i2u2_41:
   666   000944  EFAF  F004         	goto	i2l35
   667   000948                     i2u2_40:
   668   000948                     
   669                           ;LEDINTERRUPCIONES.c: 33: 
   670   000948  2A05               	incf	_secuencia^0,f,c	;volatile
   671   00094A                     
   672                           ;LEDINTERRUPCIONES.c: 34:     INTCON3bits.INT1IF = 0;
   673   00094A  0E03               	movlw	3
   674   00094C  6405               	cpfsgt	_secuencia^0,c	;volatile
   675   00094E  EFAB  F004         	goto	i2u3_41
   676   000952  EFAD  F004         	goto	i2u3_40
   677   000956                     i2u3_41:
   678   000956  EFAE  F004         	goto	i2l36
   679   00095A                     i2u3_40:
   680   00095A  6A05               	clrf	_secuencia^0,c	;volatile
   681   00095C                     i2l36:
   682                           
   683                           ;LEDINTERRUPCIONES.c: 35:     }
   684   00095C  92F2               	bcf	242,1,c	;volatile
   685   00095E                     i2l35:
   686                           
   687                           ;LEDINTERRUPCIONES.c: 39: 
   688   00095E  A0F0               	btfss	240,0,c	;volatile
   689   000960  EFB4  F004         	goto	i2u4_41
   690   000964  EFB6  F004         	goto	i2u4_40
   691   000968                     i2u4_41:
   692   000968  EFF0  F004         	goto	i2l45
   693   00096C                     i2u4_40:
   694   00096C                     
   695                           ;LEDINTERRUPCIONES.c: 40:     OSCCONbits.IRCF = 0b111;
   696   00096C  2A04               	incf	_modo^0,f,c	;volatile
   697   00096E                     
   698                           ;LEDINTERRUPCIONES.c: 41:     OSCCONbits.SCS = 0b10;
   699   00096E  0E03               	movlw	3
   700   000970  6404               	cpfsgt	_modo^0,c	;volatile
   701   000972  EFBD  F004         	goto	i2u5_41
   702   000976  EFBF  F004         	goto	i2u5_40
   703   00097A                     i2u5_41:
   704   00097A  EFC0  F004         	goto	i2l755
   705   00097E                     i2u5_40:
   706   00097E  6A04               	clrf	_modo^0,c	;volatile
   707   000980                     i2l755:
   708                           
   709                           ;LEDINTERRUPCIONES.c: 44: 
   710   000980  5004               	movf	_modo^0,w,c	;volatile
   711   000982  A4D8               	btfss	status,2,c
   712   000984  EFC6  F004         	goto	i2u6_41
   713   000988  EFC8  F004         	goto	i2u6_40
   714   00098C                     i2u6_41:
   715   00098C  EFCE  F004         	goto	i2l759
   716   000990                     i2u6_40:
   717   000990  0E03               	movlw	3
   718   000992  6E07               	movwf	(_velocidad+1)^0,c	;volatile
   719   000994  0E20               	movlw	32
   720   000996  6E06               	movwf	_velocidad^0,c	;volatile
   721   000998  EFEF  F004         	goto	i2l769
   722   00099C                     i2l759:
   723   00099C  0404               	decf	_modo^0,w,c	;volatile
   724   00099E  A4D8               	btfss	status,2,c
   725   0009A0  EFD4  F004         	goto	i2u7_41
   726   0009A4  EFD6  F004         	goto	i2u7_40
   727   0009A8                     i2u7_41:
   728   0009A8  EFDC  F004         	goto	i2l763
   729   0009AC                     i2u7_40:
   730   0009AC  0E01               	movlw	1
   731   0009AE  6E07               	movwf	(_velocidad+1)^0,c	;volatile
   732   0009B0  0E90               	movlw	144
   733   0009B2  6E06               	movwf	_velocidad^0,c	;volatile
   734   0009B4  EFEF  F004         	goto	i2l769
   735   0009B8                     i2l763:
   736   0009B8  0E02               	movlw	2
   737   0009BA  1804               	xorwf	_modo^0,w,c	;volatile
   738   0009BC  A4D8               	btfss	status,2,c
   739   0009BE  EFE3  F004         	goto	i2u8_41
   740   0009C2  EFE5  F004         	goto	i2u8_40
   741   0009C6                     i2u8_41:
   742   0009C6  EFEB  F004         	goto	i2l767
   743   0009CA                     i2u8_40:
   744   0009CA  0E00               	movlw	0
   745   0009CC  6E07               	movwf	(_velocidad+1)^0,c	;volatile
   746   0009CE  0EC8               	movlw	200
   747   0009D0  6E06               	movwf	_velocidad^0,c	;volatile
   748   0009D2  EFEF  F004         	goto	i2l769
   749   0009D6                     i2l767:
   750   0009D6  0E00               	movlw	0
   751   0009D8  6E07               	movwf	(_velocidad+1)^0,c	;volatile
   752   0009DA  0E64               	movlw	100
   753   0009DC  6E06               	movwf	_velocidad^0,c	;volatile
   754   0009DE                     i2l769:
   755                           
   756                           ;LEDINTERRUPCIONES.c: 49:     TRISBbits.TRISB0 = 1;
   757   0009DE  90F0               	bcf	240,0,c	;volatile
   758   0009E0                     i2l45:
   759   0009E0  9208               	bcf	int$flags,1,c	;clear compiler interrupt flag (level 2)
   760   0009E2  0011               	retfie		f
   761   0009E4                     __end_of_ISR:
   762                           	callstack 0
   763                           
   764                           	psect	smallconst
   765   000800                     __psmallconst:
   766                           	callstack 0
   767   000800  00                 	db	0
   768   000801  00                 	db	0	; dummy byte at the end
   769   000800                     __smallconst    set	__psmallconst
   770   000800                     __mediumconst   set	__psmallconst
   771   000000                     __activetblptr  equ	0
   772                           
   773                           	psect	rparam
   774   000001                     ___rparam_used  equ	1
   775   000000                     ___param_bank   equ	0
   776   000000                     __Lparam        equ	__Lrparam
   777   000000                     __Hparam        equ	__Hrparam
   778                           
   779                           	psect	temp
   780   000008                     btemp:
   781                           	callstack 0
   782   000008                     	ds	1
   783   000008                     int$flags       set	btemp
   784   000009                     wtemp8          set	btemp+1
   785   000009                     ttemp5          set	btemp+1
   786   00000C                     ttemp6          set	btemp+4
   787   000010                     ttemp7          set	btemp+8
   788                           
   789                           	psect	config
   790                           
   791                           ;Config register CONFIG1L @ 0x300000
   792                           ;	unspecified, using default values
   793                           ;	PLL Prescaler Selection bits
   794                           ;	PLLDIV = 0x0, unprogrammed default
   795                           ;	System Clock Postscaler Selection bits
   796                           ;	CPUDIV = 0x0, unprogrammed default
   797                           ;	USB Clock Selection bit (used in Full-Speed USB mode only; UCFG:FSEN = 1)
   798                           ;	USBDIV = 0x0, unprogrammed default
   799   300000                     	org	3145728
   800   300000  00                 	db	0
   801                           
   802                           ;Config register CONFIG1H @ 0x300001
   803                           ;	Oscillator Selection bits
   804                           ;	FOSC = INTOSCIO_EC, Internal oscillator, port function on RA6, EC used by USB (INTIO)
   805                           ;	Fail-Safe Clock Monitor Enable bit
   806                           ;	FCMEN = 0x0, unprogrammed default
   807                           ;	Internal/External Oscillator Switchover bit
   808                           ;	IESO = 0x0, unprogrammed default
   809   300001                     	org	3145729
   810   300001  08                 	db	8
   811                           
   812                           ;Config register CONFIG2L @ 0x300002
   813                           ;	unspecified, using default values
   814                           ;	Power-up Timer Enable bit
   815                           ;	PWRT = 0x1, unprogrammed default
   816                           ;	Brown-out Reset Enable bits
   817                           ;	BOR = 0x3, unprogrammed default
   818                           ;	Brown-out Reset Voltage bits
   819                           ;	BORV = 0x3, unprogrammed default
   820                           ;	USB Voltage Regulator Enable bit
   821                           ;	VREGEN = 0x0, unprogrammed default
   822   300002                     	org	3145730
   823   300002  1F                 	db	31
   824                           
   825                           ;Config register CONFIG2H @ 0x300003
   826                           ;	Watchdog Timer Enable bit
   827                           ;	WDT = OFF, WDT disabled (control is placed on the SWDTEN bit)
   828                           ;	Watchdog Timer Postscale Select bits
   829                           ;	WDTPS = 0xF, unprogrammed default
   830   300003                     	org	3145731
   831   300003  1E                 	db	30
   832                           
   833                           ; Padding undefined space
   834   300004                     	org	3145732
   835   300004  FF                 	db	255
   836                           
   837                           ;Config register CONFIG3H @ 0x300005
   838                           ;	CCP2 MUX bit
   839                           ;	CCP2MX = 0x1, unprogrammed default
   840                           ;	PORTB A/D Enable bit
   841                           ;	PBADEN = OFF, PORTB<4:0> pins are configured as digital I/O on Reset
   842                           ;	Low-Power Timer 1 Oscillator Enable bit
   843                           ;	LPT1OSC = 0x0, unprogrammed default
   844                           ;	MCLR Pin Enable bit
   845                           ;	MCLRE = OFF, RE3 input pin enabled; MCLR pin disabled
   846   300005                     	org	3145733
   847   300005  01                 	db	1
   848                           
   849                           ;Config register CONFIG4L @ 0x300006
   850                           ;	Stack Full/Underflow Reset Enable bit
   851                           ;	STVREN = 0x1, unprogrammed default
   852                           ;	Single-Supply ICSP Enable bit
   853                           ;	LVP = OFF, Single-Supply ICSP disabled
   854                           ;	Dedicated In-Circuit Debug/Programming Port (ICPORT) Enable bit
   855                           ;	ICPRT = 0x0, unprogrammed default
   856                           ;	Extended Instruction Set Enable bit
   857                           ;	XINST = 0x0, unprogrammed default
   858                           ;	Background Debugger Enable bit
   859                           ;	DEBUG = 0x1, unprogrammed default
   860   300006                     	org	3145734
   861   300006  81                 	db	129
   862                           
   863                           ; Padding undefined space
   864   300007                     	org	3145735
   865   300007  FF                 	db	255
   866                           tosu	equ	0xFFF
   867                           tosh	equ	0xFFE
   868                           tosl	equ	0xFFD
   869                           stkptr	equ	0xFFC
   870                           pclatu	equ	0xFFB
   871                           pclath	equ	0xFFA
   872                           pcl	equ	0xFF9
   873                           tblptru	equ	0xFF8
   874                           tblptrh	equ	0xFF7
   875                           tblptrl	equ	0xFF6
   876                           tablat	equ	0xFF5
   877                           prodh	equ	0xFF4
   878                           prodl	equ	0xFF3
   879                           indf0	equ	0xFEF
   880                           postinc0	equ	0xFEE
   881                           postdec0	equ	0xFED
   882                           preinc0	equ	0xFEC
   883                           plusw0	equ	0xFEB
   884                           fsr0h	equ	0xFEA
   885                           fsr0l	equ	0xFE9
   886                           wreg	equ	0xFE8
   887                           indf1	equ	0xFE7
   888                           postinc1	equ	0xFE6
   889                           postdec1	equ	0xFE5
   890                           preinc1	equ	0xFE4
   891                           plusw1	equ	0xFE3
   892                           fsr1h	equ	0xFE2
   893                           fsr1l	equ	0xFE1
   894                           bsr	equ	0xFE0
   895                           indf2	equ	0xFDF
   896                           postinc2	equ	0xFDE
   897                           postdec2	equ	0xFDD
   898                           preinc2	equ	0xFDC
   899                           plusw2	equ	0xFDB
   900                           fsr2h	equ	0xFDA
   901                           fsr2l	equ	0xFD9
   902                           status	equ	0xFD8

Data Sizes:
    Strings     0
    Constant    0
    Data        2
    BSS         2
    Persistent  0
    Stack       0

Auto Spaces:
    Space          Size  Autos    Used
    COMRAM           94      3       7
    BANK0           160      0       0
    BANK1           256      0       0
    BANK2           256      0       0
    BANK3           256      0       0
    BANK4           256      0       0
    BANK5           256      0       0
    BANK6           256      0       0
    BANK7           256      0       0

Pointer List with Targets:

    None.

Critical Paths under _main in COMRAM

    _main->_delay_ms

Critical Paths under _ISR in COMRAM

    None.

Critical Paths under _main in BANK0

    None.

Critical Paths under _ISR in BANK0

    None.

Critical Paths under _main in BANK1

    None.

Critical Paths under _ISR in BANK1

    None.

Critical Paths under _main in BANK2

    None.

Critical Paths under _ISR in BANK2

    None.

Critical Paths under _main in BANK3

    None.

Critical Paths under _ISR in BANK3

    None.

Critical Paths under _main in BANK4

    None.

Critical Paths under _ISR in BANK4

    None.

Critical Paths under _main in BANK5

    None.

Critical Paths under _ISR in BANK5

    None.

Critical Paths under _main in BANK6

    None.

Critical Paths under _ISR in BANK6

    None.

Critical Paths under _main in BANK7

    None.

Critical Paths under _ISR in BANK7

    None.

Call Graph Tables:

 ---------------------------------------------------------------------------------
 (Depth) Function   	        Calls       Base Space   Used Autos Params    Refs
 ---------------------------------------------------------------------------------
 (0) _main                                                 0     0      0      36
                           _delay_ms
 ---------------------------------------------------------------------------------
 (1) _delay_ms                                             3     1      2      36
                                              0 COMRAM     3     1      2
 ---------------------------------------------------------------------------------
 Estimated maximum stack depth 1
 ---------------------------------------------------------------------------------
 (Depth) Function   	        Calls       Base Space   Used Autos Params    Refs
 ---------------------------------------------------------------------------------
 (2) _ISR                                                  0     0      0       0
 ---------------------------------------------------------------------------------
 Estimated maximum stack depth 2
 ---------------------------------------------------------------------------------

 Call Graph Graphs:

 _main (ROOT)
   _delay_ms

 _ISR (ROOT)

Address spaces:
Name               Size   Autos  Total    Usage
BIGRAM            2047      0       0      0.0%
BITBANK7           256      0       0      0.0%
BANK7              256      0       0      0.0%
BITBANK6           256      0       0      0.0%
BANK6              256      0       0      0.0%
BITBANK5           256      0       0      0.0%
BANK5              256      0       0      0.0%
BITBANK4           256      0       0      0.0%
BANK4              256      0       0      0.0%
BITBANK3           256      0       0      0.0%
BANK3              256      0       0      0.0%
BITBANK2           256      0       0      0.0%
BANK2              256      0       0      0.0%
BITBANK1           256      0       0      0.0%
BANK1              256      0       0      0.0%
BITBANK0           160      0       0      0.0%
BANK0              160      0       0      0.0%
BITBIGSFRlh         99      0       0      0.0%
BITCOMRAM           94      0       0      0.0%
COMRAM              94      3       7      7.4%
BITBIGSFRll         44      0       0      0.0%
BITBIGSFRh          15      0       0      0.0%
STACK                0      0       0      0.0%
DATA                 0      0       7      0.0%


Microchip Technology PIC18 Macro Assembler V3.00 build 20241204225717 
Symbol Table                                                                                   Wed Oct 08 21:38:38 2025

                     l30 0A10                       l50 082C                      l901 08E0  
                    l911 090A                      l913 091E                      l905 08E8  
                    l843 09E4                      l915 0922                      l907 08FA  
                    l851 0816                      l845 09E8                      l917 092E  
                    l909 08FE                      l861 0820                      l853 0818  
                    l847 09F6                      l871 082A                      l863 0822  
                    l855 081A                      l881 0860                      l873 083C  
                    l865 0824                      l857 081C                      l849 0802  
                    l891 08A0                      l883 0870                      l875 0840  
                    l867 0826                      l859 081E                      l893 08B0  
                    l877 084C                      l885 0880                      l869 0828  
                    l895 08B4                      l887 0890                      l879 085C  
                    l897 08C4                      l889 0894                      l899 08D0  
                    u120 0A10                      u121 0A0C                      u130 083C  
                    u131 0838                      u140 0890                      u141 088C  
                    u150 08FA                      u151 08F6                      u167 09EE  
                    _ISR 0008                      wreg 0FE8                     ?_ISR 0001  
                   _LATD 0F8C                     i2l35 095E                     i2l36 095C  
                   i2l45 09E0                     _main 0802                     _modo 0004  
                   btemp 0008                     start 000E             ___param_bank 0000  
                  ??_ISR 0001                    ?_main 0001                    i2l741 093A  
                  i2l751 096E                    i2l743 0948                    i2l761 09AC  
                  i2l753 097E                    i2l745 094A                    i2l763 09B8  
                  i2l755 0980                    i2l747 095A                    i2l765 09CA  
                  i2l757 0990                    i2l749 096C                    i2l767 09D6  
                  i2l759 099C                    i2l769 09DE                    _TRISD 0F95  
         delay_ms@tiempo 0001                    tablat 0FF5                    ttemp5 0009  
                  ttemp6 000C                    ttemp7 0010                    status 0FD8  
                  wtemp8 0009          __initialization 0A12             __end_of_main 0938  
                 ??_main 0004            __activetblptr 0000                   _ADCON1 0FC1  
                 i2u2_40 0948                   i2u2_41 0944                   i2u3_40 095A  
                 i2u3_41 0956                   i2u4_40 096C                   i2u4_41 0968  
                 i2u5_40 097E                   i2u5_41 097A                   i2u6_40 0990  
                 i2u6_41 098C                   i2u7_40 09AC                   i2u7_41 09A8  
                 i2u8_40 09CA                   i2u8_41 09C6         __end_of_delay_ms 0A12  
                 isa$std 0001             __pdataCOMRAM 0006             __mediumconst 0800  
                 tblptrh 0FF7                   tblptrl 0FF6                   tblptru 0FF8  
             __accesstop 0060  __end_of__initialization 0A2E            ___rparam_used 0001  
         __pcstackCOMRAM 0001                ?_delay_ms 0001                  __Hparam 0000  
                __Lparam 0000             __psmallconst 0800                  __pcinit 0A12  
                __ramtop 0800                  __ptext0 0802                  __ptext1 09E4  
             ??_delay_ms 0003           __pintcode_body 0938     end_of_initialization 0A2E  
                int_func 0938                _TRISBbits 0F93            __pidataCOMRAM 0A38  
    start_initialization 0A12              __end_of_ISR 09E4              __pbssCOMRAM 0004  
              __pintcode 0008              __smallconst 0800                _secuencia 0005  
              _velocidad 0006              _INTCON2bits 0FF1              _INTCON3bits 0FF0  
               __Hrparam 0000                 __Lrparam 0000                 _delay_ms 09E4  
               isa$xinst 0000                 int$flags 0008               _INTCONbits 0FF2  
               intlevel2 0000               _OSCCONbits 0FD3  
